Microchip MPLAB XC8 Compiler V1.36 ()

Linker command line:

-W-3 --edf=C:\Program Files (x86)\Microchip\xc8\v1.36\dat\en_msgs.txt -cs \
  -h+dist/default/production\LoRaPICSensor.production.sym \
  --cmf=dist/default/production\LoRaPICSensor.production.cmf -z -Q18F26K22 \
  -oC:\Users\Tom\AppData\Local\Temp\sb1s.2 \
  -Mdist/default/production/LoRaPICSensor.production.map -E1 -ver=XC8 \
  -ASTACK=0280h-0f37h -pstack=STACK -ACODE=00h-0FFFFh -ACONST=00h-0FFFFh \
  -ASMALLCONST=01000h-010FFhx240 -AMEDIUMCONST=01000h-0FFFFh \
  -ACOMRAM=01h-05Fh -AABS1=00h-0F37h -ABIGRAM=01h-0F37h \
  -ARAM=060h-0FFh,0100h-01FFhx14,0F00h-0F37h -ABANK0=060h-0FFh \
  -ABANK1=0100h-01FFh -ABANK2=0200h-02FFh -ABANK3=0300h-03FFh \
  -ABANK4=0400h-04FFh -ABANK5=0500h-05FFh -ABANK6=0600h-06FFh \
  -ABANK7=0700h-07FFh -ABANK8=0800h-08FFh -ABANK9=0900h-09FFh \
  -ABANK10=0A00h-0AFFh -ABANK11=0B00h-0BFFh -ABANK12=0C00h-0CFFh \
  -ABANK13=0D00h-0DFFh -ABANK14=0E00h-0EFFh -ABANK15=0F00h-0F37h \
  -ASFR=0F38h-0F5Fh,0F60h-0FFFh \
  -preset_vec=00h,intcode=08h,intcodelo,powerup,init,end_init \
  -pramtop=01000h -psmallconst=SMALLCONST -pmediumconst=MEDIUMCONST \
  -pconst=CONST -AFARRAM=00h-00h -ACONFIG=0300000h-030000Dh -pconfig=CONFIG \
  -AIDLOC=0200000h-0200007h -pidloc=IDLOC -AEEDATA=0F00000h-0F003FFh \
  -peeprom_data=EEDATA \
  -prdata=COMRAM,nvrram=COMRAM,nvbit=COMRAM,rbss=COMRAM,rbit=COMRAM \
  -pfarbss=FARRAM,fardata=FARRAM,nvFARRAM=FARRAM \
  -pintsave_regs=BIGRAM,bigbss=BIGRAM,bigdata=BIGRAM -pbss=RAM \
  -pidata=CODE,irdata=CODE,ibigdata=CODE,ifardata=CODE -prparam=COMRAM \
  C:\Users\Tom\AppData\Local\Temp\sb1s.obj \
  dist/default/production\LoRaPICSensor.production.obj 

Object code version is 3.11

Machine type is 18F26K22

Call graph: (short form)




                Name                               Link     Load   Length Selector   Space Scale
C:\Users\Tom\AppData\Local\Temp\sb1s.obj
                end_init                             94       94        4        4       0
                reset_vec                             0        0        4        0       0
                idloc                            200000   200000        8   200000       0
                config                           300000   300000        E   300000       0
dist/default/production\LoRaPICSensor.production.obj
                intcode                               8        8       8C        4       0
                temp                                 3B       3B        1        1       1
                mediumconst                        FE9A     FE9A      166     7F4D       0
                text52                             1202     1202       34        4       0
                text51                              CC4      CC4       90        4       0
                text50                             1164     1164       36        4       0
                text49                             10EA     10EA       40        4       0
                text48                              DDA      DDA       86        4       0
                text47                              D54      D54       86        4       0
                text46                              97A      97A      142        4       0
                text45                             1292     1292       2E        4       0
                text43                             14CA     14CA        4        4       0
                text42                             14C6     14C6        4        4       0
                text41                             14C2     14C2        4        4       0
                text40                             14BE     14BE        4        4       0
                text39                             14BA     14BA        4        4       0
                text38                             148A     148A        C        4       0
                text37                             14B6     14B6        4        4       0
                text36                              C2A      C2A       9A        4       0
                text35                              B88      B88       A2        4       0
                text34                             1054     1054       52        4       0
                text33                              F9E      F9E       62        4       0
                text32                             1362     1362       26        4       0
                text31                             1404     1404       1E        4       0
                text30                             112A     112A       3A        4       0
                text29                             14A0     14A0        A        4       0
                text28                               98       98      4FE        4       0
                text27                             147E     147E        C        4       0
                text26                             1264     1264       2E        4       0
                text25                             12EA     12EA       2A        4       0
                text24                              ED0      ED0       6C        4       0
                text23                             1000     1000       54        4       0
                text22                             1470     1470        E        4       0
                text21                             13E6     13E6       1E        4       0
                text20                             1314     1314       28        4       0
                text19                             133C     133C       26        4       0
                text18                             143C     143C       14        4       0
                text17                              596      596      246        4       0
                text16                             10A6     10A6       44        4       0
                text15                              7DC      7DC      19E        4       0
                text14                             14B2     14B2        4        4       0
                text13                             13A8     13A8       20        4       0
                text12                             1236     1236       2E        4       0
                text11                             13C8     13C8       1E        4       0
                text10                              E60      E60       70        4       0
                text9                              12C0     12C0       2A        4       0
                text8                              1388     1388       20        4       0
                text7                              11CE     11CE       34        4       0
                text6                              1496     1496        A        4       0
                text5                              1462     1462        E        4       0
                text4                              119A     119A       34        4       0
                text3                              14AE     14AE        4        4       0
                text2                              1450     1450       12        4       0
                text1                              1422     1422       1A        4       0
                text0                               ABC      ABC       CC        4       0
                cstackCOMRAM                          1        1       2B        1       1
                cstackBANK0                          89       89       28       60       1
                bssBANK2                            200      200       80      200       1
                bssBANK1                            100      100      100      100       1
                bssBANK0                             60       60       29       60       1
                dataCOMRAM                           36       36        4        1       1
                bssCOMRAM                            2C       2C        A        1       1
                cinit                               F3C      F3C       62        4       0
                nvCOMRAM                             3A       3A        1        1       1
                idataCOMRAM                        14AA     14AA        4        4       0

TOTAL           Name                               Link     Load   Length     Space
        CLASS   STACK          

        CLASS   CODE           
                end_init                             94       94        4         0
                intcode                               8        8       8C         0
                reset_vec                             0        0        4         0
                text52                             1202     1202       34         0
                text51                              CC4      CC4       90         0
                text50                             1164     1164       36         0
                text49                             10EA     10EA       40         0
                text48                              DDA      DDA       86         0
                text47                              D54      D54       86         0
                text46                              97A      97A      142         0
                text45                             1292     1292       2E         0
                text43                             14CA     14CA        4         0
                text42                             14C6     14C6        4         0
                text41                             14C2     14C2        4         0
                text40                             14BE     14BE        4         0
                text39                             14BA     14BA        4         0
                text38                             148A     148A        C         0
                text37                             14B6     14B6        4         0
                text36                              C2A      C2A       9A         0
                text35                              B88      B88       A2         0
                text34                             1054     1054       52         0
                text33                              F9E      F9E       62         0
                text32                             1362     1362       26         0
                text31                             1404     1404       1E         0
                text30                             112A     112A       3A         0
                text29                             14A0     14A0        A         0
                text28                               98       98      4FE         0
                text27                             147E     147E        C         0
                text26                             1264     1264       2E         0
                text25                             12EA     12EA       2A         0
                text24                              ED0      ED0       6C         0
                text23                             1000     1000       54         0
                text22                             1470     1470        E         0
                text21                             13E6     13E6       1E         0
                text20                             1314     1314       28         0
                text19                             133C     133C       26         0
                text18                             143C     143C       14         0
                text17                              596      596      246         0
                text16                             10A6     10A6       44         0
                text15                              7DC      7DC      19E         0
                text14                             14B2     14B2        4         0
                text13                             13A8     13A8       20         0
                text12                             1236     1236       2E         0
                text11                             13C8     13C8       1E         0
                text10                              E60      E60       70         0
                text9                              12C0     12C0       2A         0
                text8                              1388     1388       20         0
                text7                              11CE     11CE       34         0
                text6                              1496     1496        A         0
                text5                              1462     1462        E         0
                text4                              119A     119A       34         0
                text3                              14AE     14AE        4         0
                text2                              1450     1450       12         0
                text1                              1422     1422       1A         0
                text0                               ABC      ABC       CC         0
                cinit                               F3C      F3C       62         0
                idataCOMRAM                        14AA     14AA        4         0

        CLASS   CONST          

        CLASS   SMALLCONST     

        CLASS   MEDIUMCONST    
                mediumconst                        FE9A     FE9A      166         0

        CLASS   COMRAM         
                temp                                 3B       3B        1         1
                cstackCOMRAM                          1        1       2B         1
                dataCOMRAM                           36       36        4         1
                bssCOMRAM                            2C       2C        A         1
                nvCOMRAM                             3A       3A        1         1

        CLASS   ABS1           

        CLASS   BIGRAM         

        CLASS   RAM            

        CLASS   BANK0          
                cstackBANK0                          89       89       28         1
                bssBANK0                             60       60       29         1

        CLASS   BANK1          
                bssBANK1                            100      100      100         1

        CLASS   BANK2          
                bssBANK2                            200      200       80         1

        CLASS   BANK3          

        CLASS   BANK4          

        CLASS   BANK5          

        CLASS   BANK6          

        CLASS   BANK7          

        CLASS   BANK8          

        CLASS   BANK9          

        CLASS   BANK10         

        CLASS   BANK11         

        CLASS   BANK12         

        CLASS   BANK13         

        CLASS   BANK14         

        CLASS   BANK15         

        CLASS   SFR            

        CLASS   FARRAM         

        CLASS   CONFIG         
                config                           300000   300000        E         0

        CLASS   IDLOC          
                idloc                            200000   200000        8         0

        CLASS   EEDATA         



SEGMENTS        Name                           Load    Length   Top    Selector   Space  Class

                reset_vec                      000000  000004  000004         0       0  CODE    
                cstackCOMRAM                   000001  00003B  00003C         1       1  COMRAM  
                intcode                        000008  0014C6  0014CE         4       0  CODE    
                bssBANK0                       000060  000051  0000B1        60       1  BANK0   
                bssBANK1                       000100  000100  000200       100       1  BANK1   
                bssBANK2                       000200  000080  000280       200       1  BANK2   
                mediumconst                    00FE9A  000166  010000      7F4D       0  MEDIUMCO
                idloc                          200000  000008  200008    200000       0  IDLOC   
                config                         300000  00000E  30000E    300000       0  CONFIG  


UNUSED ADDRESS RANGES

        Name                Unused          Largest block    Delta
        BANK0            0000B1-0000FF               4F
        BANK10           000A00-000AFF              100
        BANK11           000B00-000BFF              100
        BANK12           000C00-000CFF              100
        BANK13           000D00-000DFF              100
        BANK14           000E00-000EFF              100
        BANK15           000F00-000F37               38
        BANK2            000280-0002FF               80
        BANK3            000300-0003FF              100
        BANK4            000400-0004FF              100
        BANK5            000500-0005FF              100
        BANK6            000600-0006FF              100
        BANK7            000700-0007FF              100
        BANK8            000800-0008FF              100
        BANK9            000900-0009FF              100
        BIGRAM           00003C-00005F               24
                         0000B1-0000FF               4F
                         000280-000F37              CB8
        CODE             000004-000007                4
                         0014CE-00FE99             E9CC
        COMRAM           00003C-00005F               24
        CONST            000004-000007                4
                         0014CE-00FE99             E9CC
        EEDATA           F00000-F003FF              400
        MEDIUMCONST      0014CE-00FE99             E9CC
        RAM              0000B1-0000FF               4F
                         000280-000F37              100
        SFR              000F38-000FFF               28
        SMALLCONST       0014CE-00FE99              100
        STACK            000280-000F37              CB8

                                  Symbol Table

?___awmod                            cstackBANK0  000091
?___lmul                             cstackBANK0  000089
?___lwdiv                            cstackCOMRAM 000025
?___lwmod                            cstackBANK0  000089
?___wmul                             cstackCOMRAM 000025
?_printf                             cstackBANK0  00008E
?_rand                               cstackCOMRAM 000029
?_strchr                             cstackCOMRAM 000001
?_strcmp                             cstackCOMRAM 000001
?_strlen                             cstackCOMRAM 000001
?_strncmp                            cstackCOMRAM 000007
?_strstr                             cstackCOMRAM 000010
?_strtol                             cstackBANK0  000091
EUSART1_Read@readValue               cstackCOMRAM 000001
EUSART1_Receive_ISR@state            cstackCOMRAM 000015
EUSART1_Write@txData                 cstackCOMRAM 000025
I2C_Read_Byte@ack                    cstackCOMRAM 000025
I2C_Read_Byte@i                      cstackCOMRAM 000027
I2C_Read_Byte@val                    cstackCOMRAM 000026
I2C_Write_Byte@byt                   cstackCOMRAM 000025
I2C_Write_Byte@i                     cstackCOMRAM 000026
InitRadio@delay                      cstackBANK0  0000AC
_ANSELA                              (abs)        000F38
_ANSELB                              (abs)        000F39
_ANSELC                              (abs)        000F3A
_ANSELCbits                          (abs)        000F3A
_BAUDCON1                            (abs)        000FB8
_CCP1CON                             (abs)        000FBD
_CCPR1H                              (abs)        000FBF
_CCPR1L                              (abs)        000FBE
_CCPTMRS0bits                        (abs)        000F49
_ECCP1AS                             (abs)        000FB6
_EPWM1_Initialize                    text8        001388
_EUSART1_Initialize                  text7        0011CE
_EUSART1_Read                        text52       001202
_EUSART1_Receive_ISR                 text46       00097A
_EUSART1_Transmit_ISR                text45       001292
_EUSART1_Write                       text30       00112A
_I2C_Init                            text13       0013A8
_I2C_Read_Byte                       text36       000C2A
_I2C_SCL_CLEAR                       text43       0014CA
_I2C_SCL_OUT_SET                     text14       0014B2
_I2C_SCL_SET                         text42       0014C6
_I2C_SDA_CLEAR                       text41       0014C2
_I2C_SDA_IN_SET                      text40       0014BE
_I2C_SDA_OUT_SET                     text39       0014BA
_I2C_SDA_READ                        text38       00148A
_I2C_SDA_SET                         text37       0014B6
_I2C_Start                           text12       001236
_I2C_Stop                            text11       0013C8
_I2C_Write_Byte                      text10       000E60
_INTCON2bits                         (abs)        000FF1
_INTCONbits                          (abs)        000FF2
_INTERRUPT_Initialize                text6        001496
_INTERRUPT_InterruptManager          intcode      000008
_IPR1bits                            (abs)        000F9F
_InitRadio                           text15       0007DC
_InitSensor                          text9        0012C0
_LATA                                (abs)        000F89
_LATB                                (abs)        000F8A
_LATC                                (abs)        000F8B
_LATC3                               (abs)        007C5B
_LATC4                               (abs)        007C5C
_OSCCON                              (abs)        000FD3
_OSCCON2                             (abs)        000FD2
_OSCILLATOR_Initialize               text5        001462
_OSCTUNE                             (abs)        000F9B
_PIE1bits                            (abs)        000F9D
_PIN_MANAGER_Initialize              text4        00119A
_PIR1bits                            (abs)        000F9E
_PORTCbits                           (abs)        000F82
_PR2                                 (abs)        000FBB
_PSTR1CON                            (abs)        000FB9
_PWM1CON                             (abs)        000FB7
_RCONbits                            (abs)        000FD0
_RCREG1                              (abs)        000FAE
_RCSTA1                              (abs)        000FAB
_RCSTA1bits                          (abs)        000FAB
_SPBRG1                              (abs)        000FAF
_SPBRGH1                             (abs)        000FB0
_SYSTEM_Initialize                   text1        001422
_T2CON                               (abs)        000FBA
_T2CONbits                           (abs)        000FBA
_TMR2                                (abs)        000FBC
_TMR2_Initialize                     text2        001450
_TMR2_StartTimer                     text3        0014AE
_TRISA                               (abs)        000F92
_TRISB                               (abs)        000F93
_TRISC                               (abs)        000F94
_TRISC3                              (abs)        007CA3
_TRISC4                              (abs)        007CA4
_TXREG1                              (abs)        000FAD
_TXSTA1                              (abs)        000FAC
_WPUB                                (abs)        000F61
__CFG_BOREN$SBORDIS                  (abs)        000000
__CFG_BORV$190                       (abs)        000000
__CFG_CCP2MX$PORTC1                  (abs)        000000
__CFG_CCP3MX$PORTB5                  (abs)        000000
__CFG_CP0$OFF                        (abs)        000000
__CFG_CP1$OFF                        (abs)        000000
__CFG_CP2$OFF                        (abs)        000000
__CFG_CP3$OFF                        (abs)        000000
__CFG_CPB$OFF                        (abs)        000000
__CFG_CPD$OFF                        (abs)        000000
__CFG_DEBUG$OFF                      (abs)        000000
__CFG_EBTR0$OFF                      (abs)        000000
__CFG_EBTR1$OFF                      (abs)        000000
__CFG_EBTR2$OFF                      (abs)        000000
__CFG_EBTR3$OFF                      (abs)        000000
__CFG_EBTRB$OFF                      (abs)        000000
__CFG_FCMEN$OFF                      (abs)        000000
__CFG_FOSC$INTIO67                   (abs)        000000
__CFG_HFOFST$ON                      (abs)        000000
__CFG_IESO$OFF                       (abs)        000000
__CFG_LVP$OFF                        (abs)        000000
__CFG_MCLRE$EXTMCLR                  (abs)        000000
__CFG_P2BMX$PORTB5                   (abs)        000000
__CFG_PBADEN$ON                      (abs)        000000
__CFG_PLLCFG$OFF                     (abs)        000000
__CFG_PRICLKEN$ON                    (abs)        000000
__CFG_PWRTEN$OFF                     (abs)        000000
__CFG_STVREN$ON                      (abs)        000000
__CFG_T3CMX$PORTC0                   (abs)        000000
__CFG_WDTEN$OFF                      (abs)        000000
__CFG_WDTPS$32768                    (abs)        000000
__CFG_WRT0$OFF                       (abs)        000000
__CFG_WRT1$OFF                       (abs)        000000
__CFG_WRT2$OFF                       (abs)        000000
__CFG_WRT3$OFF                       (abs)        000000
__CFG_WRTB$OFF                       (abs)        000000
__CFG_WRTC$OFF                       (abs)        000000
__CFG_WRTD$OFF                       (abs)        000000
__CFG_XINST$OFF                      (abs)        000000
__HRAM                               (abs)        000000
__Habs1                              abs1         000000
__Hbank0                             bank0        000000
__Hbank1                             bank1        000000
__Hbank10                            bank10       000000
__Hbank11                            bank11       000000
__Hbank12                            bank12       000000
__Hbank13                            bank13       000000
__Hbank14                            bank14       000000
__Hbank15                            bank15       000000
__Hbank2                             bank2        000000
__Hbank3                             bank3        000000
__Hbank4                             bank4        000000
__Hbank5                             bank5        000000
__Hbank6                             bank6        000000
__Hbank7                             bank7        000000
__Hbank8                             bank8        000000
__Hbank9                             bank9        000000
__Hbigbss                            bigbss       000000
__Hbigdata                           bigdata      000000
__Hbigram                            bigram       000000
__Hbss                               bss          000000
__HbssBANK0                          bssBANK0     000000
__HbssBANK1                          bssBANK1     000000
__HbssBANK2                          bssBANK2     000000
__HbssCOMRAM                         bssCOMRAM    000000
__Hcinit                             cinit        000000
__Hclrtext                           clrtext      000000
__Hcomram                            comram       000000
__Hconfig                            config       30000E
__Hconst                             const        000000
__HcstackBANK0                       cstackBANK0  000000
__HcstackCOMRAM                      cstackCOMRAM 000000
__Hdata                              data         000000
__HdataCOMRAM                        dataCOMRAM   000000
__Heeprom_data                       eeprom_data  000000
__Hend_init                          end_init     000098
__Hfarbss                            farbss       000000
__Hfardata                           fardata      000000
__Hibigdata                          ibigdata     000000
__Hidata                             idata        000000
__HidataCOMRAM                       idataCOMRAM  000000
__Hidloc                             idloc        200008
__Hifardata                          ifardata     000000
__Hinit                              init         000094
__Hintcode                           intcode      000094
__Hintcode_body                      intcode_body 000000
__Hintcodelo                         intcodelo    000094
__Hintentry                          intentry     000000
__Hintret                            intret       000000
__Hintsave_regs                      intsave_regs 000000
__Hirdata                            irdata       000000
__Hmediumconst                       mediumconst  010000
__HnvCOMRAM                          nvCOMRAM     000000
__HnvFARRAM                          nvFARRAM     000000
__Hnvbit                             nvbit        000000
__Hnvrram                            nvrram       000000
__Hparam                             rparam       000000
__Hpowerup                           powerup      000094
__Hram                               ram          000000
__Hramtop                            ramtop       001000
__Hrbit                              rbit         000000
__Hrbss                              rbss         000000
__Hrdata                             rdata        000000
__Hreset_vec                         reset_vec    000004
__Hrparam                            rparam       000000
__Hsfr                               sfr          000000
__Hsmallconst                        smallconst   000000
__Hspace_0                           (abs)        30000E
__Hspace_1                           (abs)        000280
__Hspace_2                           (abs)        000000
__Hstack                             stack        000000
__Hstruct                            struct       000000
__Htemp                              temp         00003C
__Htext                              text         000000
__Htext0                             text0        000000
__Htext1                             text1        000000
__Htext10                            text10       000000
__Htext11                            text11       000000
__Htext12                            text12       000000
__Htext13                            text13       000000
__Htext14                            text14       000000
__Htext15                            text15       000000
__Htext16                            text16       000000
__Htext17                            text17       000000
__Htext18                            text18       000000
__Htext19                            text19       000000
__Htext2                             text2        000000
__Htext20                            text20       000000
__Htext21                            text21       000000
__Htext22                            text22       000000
__Htext23                            text23       000000
__Htext24                            text24       000000
__Htext25                            text25       000000
__Htext26                            text26       000000
__Htext27                            text27       000000
__Htext28                            text28       000000
__Htext29                            text29       000000
__Htext3                             text3        000000
__Htext30                            text30       000000
__Htext31                            text31       000000
__Htext32                            text32       000000
__Htext33                            text33       000000
__Htext34                            text34       000000
__Htext35                            text35       000000
__Htext36                            text36       000000
__Htext37                            text37       000000
__Htext38                            text38       000000
__Htext39                            text39       000000
__Htext4                             text4        000000
__Htext40                            text40       000000
__Htext41                            text41       000000
__Htext42                            text42       000000
__Htext43                            text43       000000
__Htext45                            text45       000000
__Htext46                            text46       000000
__Htext47                            text47       000000
__Htext48                            text48       000000
__Htext49                            text49       000000
__Htext5                             text5        000000
__Htext50                            text50       000000
__Htext51                            text51       000000
__Htext52                            text52       000000
__Htext6                             text6        000000
__Htext7                             text7        000000
__Htext8                             text8        000000
__Htext9                             text9        000000
__LRAM                               (abs)        000001
__Labs1                              abs1         000000
__Lbank0                             bank0        000000
__Lbank1                             bank1        000000
__Lbank10                            bank10       000000
__Lbank11                            bank11       000000
__Lbank12                            bank12       000000
__Lbank13                            bank13       000000
__Lbank14                            bank14       000000
__Lbank15                            bank15       000000
__Lbank2                             bank2        000000
__Lbank3                             bank3        000000
__Lbank4                             bank4        000000
__Lbank5                             bank5        000000
__Lbank6                             bank6        000000
__Lbank7                             bank7        000000
__Lbank8                             bank8        000000
__Lbank9                             bank9        000000
__Lbigbss                            bigbss       000000
__Lbigdata                           bigdata      000000
__Lbigram                            bigram       000000
__Lbss                               bss          000000
__LbssBANK0                          bssBANK0     000000
__LbssBANK1                          bssBANK1     000000
__LbssBANK2                          bssBANK2     000000
__LbssCOMRAM                         bssCOMRAM    000000
__Lcinit                             cinit        000000
__Lclrtext                           clrtext      000000
__Lcomram                            comram       000000
__Lconfig                            config       300000
__Lconst                             const        000000
__LcstackBANK0                       cstackBANK0  000000
__LcstackCOMRAM                      cstackCOMRAM 000000
__Ldata                              data         000000
__LdataCOMRAM                        dataCOMRAM   000000
__Leeprom_data                       eeprom_data  000000
__Lend_init                          end_init     000094
__Lfarbss                            farbss       000000
__Lfardata                           fardata      000000
__Libigdata                          ibigdata     000000
__Lidata                             idata        000000
__LidataCOMRAM                       idataCOMRAM  000000
__Lidloc                             idloc        200000
__Lifardata                          ifardata     000000
__Linit                              init         000094
__Lintcode                           intcode      000008
__Lintcode_body                      intcode_body 000000
__Lintcodelo                         intcodelo    000094
__Lintentry                          intentry     000000
__Lintret                            intret       000000
__Lintsave_regs                      intsave_regs 000000
__Lirdata                            irdata       000000
__Lmediumconst                       mediumconst  00FE9A
__LnvCOMRAM                          nvCOMRAM     000000
__LnvFARRAM                          nvFARRAM     000000
__Lnvbit                             nvbit        000000
__Lnvrram                            nvrram       000000
__Lparam                             rparam       000000
__Lpowerup                           powerup      000094
__Lram                               ram          000000
__Lramtop                            ramtop       001000
__Lrbit                              rbit         000000
__Lrbss                              rbss         000000
__Lrdata                             rdata        000000
__Lreset_vec                         reset_vec    000000
__Lrparam                            rparam       000000
__Lsfr                               sfr          000000
__Lsmallconst                        smallconst   000000
__Lspace_0                           (abs)        000000
__Lspace_1                           (abs)        000000
__Lspace_2                           (abs)        000000
__Lstack                             stack        000000
__Lstruct                            struct       000000
__Ltemp                              temp         00003B
__Ltext                              text         000000
__Ltext0                             text0        000000
__Ltext1                             text1        000000
__Ltext10                            text10       000000
__Ltext11                            text11       000000
__Ltext12                            text12       000000
__Ltext13                            text13       000000
__Ltext14                            text14       000000
__Ltext15                            text15       000000
__Ltext16                            text16       000000
__Ltext17                            text17       000000
__Ltext18                            text18       000000
__Ltext19                            text19       000000
__Ltext2                             text2        000000
__Ltext20                            text20       000000
__Ltext21                            text21       000000
__Ltext22                            text22       000000
__Ltext23                            text23       000000
__Ltext24                            text24       000000
__Ltext25                            text25       000000
__Ltext26                            text26       000000
__Ltext27                            text27       000000
__Ltext28                            text28       000000
__Ltext29                            text29       000000
__Ltext3                             text3        000000
__Ltext30                            text30       000000
__Ltext31                            text31       000000
__Ltext32                            text32       000000
__Ltext33                            text33       000000
__Ltext34                            text34       000000
__Ltext35                            text35       000000
__Ltext36                            text36       000000
__Ltext37                            text37       000000
__Ltext38                            text38       000000
__Ltext39                            text39       000000
__Ltext4                             text4        000000
__Ltext40                            text40       000000
__Ltext41                            text41       000000
__Ltext42                            text42       000000
__Ltext43                            text43       000000
__Ltext45                            text45       000000
__Ltext46                            text46       000000
__Ltext47                            text47       000000
__Ltext48                            text48       000000
__Ltext49                            text49       000000
__Ltext5                             text5        000000
__Ltext50                            text50       000000
__Ltext51                            text51       000000
__Ltext52                            text52       000000
__Ltext6                             text6        000000
__Ltext7                             text7        000000
__Ltext8                             text8        000000
__Ltext9                             text9        000000
__S0                                 (abs)        30000E
__S1                                 (abs)        000280
__S2                                 (abs)        000000
___awmod                             text35       000B88
___awmod@counter                     cstackBANK0  000095
___awmod@dividend                    cstackBANK0  000091
___awmod@divisor                     cstackBANK0  000093
___awmod@sign                        cstackBANK0  000096
___inthi_sp                          stack        000000
___intlo_sp                          stack        000000
___lmul                              text24       000ED0
___lmul@multiplicand                 cstackBANK0  00008D
___lmul@multiplier                   cstackBANK0  000089
___lmul@product                      cstackCOMRAM 000025
___lwdiv                             text34       001054
___lwdiv@counter                     cstackCOMRAM 00002B
___lwdiv@dividend                    cstackCOMRAM 000025
___lwdiv@divisor                     cstackCOMRAM 000027
___lwdiv@quotient                    cstackCOMRAM 000029
___lwmod                             text33       000F9E
___lwmod@counter                     cstackBANK0  00008D
___lwmod@dividend                    cstackBANK0  000089
___lwmod@divisor                     cstackBANK0  00008B
___param_bank                        (abs)        000010
___rparam_used                       (abs)        000001
___sp                                stack        000000
___wmul                              text32       001362
___wmul@multiplicand                 cstackCOMRAM 000027
___wmul@multiplier                   cstackCOMRAM 000025
___wmul@product                      cstackCOMRAM 000029
__accesstop                          (abs)        000060
__activetblptr                       (abs)        000003
__end_of_EPWM1_Initialize            text8        0013A8
__end_of_EUSART1_Initialize          text7        001202
__end_of_EUSART1_Read                text52       001236
__end_of_EUSART1_Receive_ISR         text46       000ABC
__end_of_EUSART1_Transmit_ISR        text45       0012C0
__end_of_EUSART1_Write               text30       001164
__end_of_I2C_Init                    text13       0013C8
__end_of_I2C_Read_Byte               text36       000CC4
__end_of_I2C_SCL_CLEAR               text43       0014CE
__end_of_I2C_SCL_OUT_SET             text14       0014B6
__end_of_I2C_SCL_SET                 text42       0014CA
__end_of_I2C_SDA_CLEAR               text41       0014C6
__end_of_I2C_SDA_IN_SET              text40       0014C2
__end_of_I2C_SDA_OUT_SET             text39       0014BE
__end_of_I2C_SDA_READ                text38       001496
__end_of_I2C_SDA_SET                 text37       0014BA
__end_of_I2C_Start                   text12       001264
__end_of_I2C_Stop                    text11       0013E6
__end_of_I2C_Write_Byte              text10       000ED0
__end_of_INTERRUPT_Initialize        text6        0014A0
__end_of_INTERRUPT_InterruptManager  intcode      000094
__end_of_InitRadio                   text15       00097A
__end_of_InitSensor                  text9        0012EA
__end_of_OSCILLATOR_Initialize       text5        001470
__end_of_PIN_MANAGER_Initialize      text4        0011CE
__end_of_SYSTEM_Initialize           text1        00143C
__end_of_TMR2_Initialize             text2        001462
__end_of_TMR2_StartTimer             text3        0014B2
__end_of___awmod                     text35       000C2A
__end_of___lmul                      text24       000F3C
__end_of___lwdiv                     text34       0010A6
__end_of___lwmod                     text33       001000
__end_of___wmul                      text32       001388
__end_of__initialization             cinit        000F94
__end_of_dpowers                     mediumconst  00FEA5
__end_of_getUUID                     text25       001314
__end_of_hexpowers                   mediumconst  00FEAD
__end_of_isalpha                     text20       00133C
__end_of_isdigit                     text31       001422
__end_of_isspace                     text19       001362
__end_of_isupper                     text21       001404
__end_of_main                        text0        000B88
__end_of_printf                      text28       000596
__end_of_putch                       text29       0014AA
__end_of_rand                        text23       001054
__end_of_read_line                   text27       00148A
__end_of_srand                       text22       00147E
__end_of_strchr                      text50       00119A
__end_of_strcmp                      text51       000D54
__end_of_strcpy                      text26       001292
__end_of_strlen                      text49       00112A
__end_of_strncmp                     text48       000E60
__end_of_strstr                      text47       000DDA
__end_of_strtol                      text17       0007DC
__end_of_toupper                     text18       001450
__end_of_wait_5ms                    text16       0010EA
__initialization                     cinit        000F3C
__mediumconst                        mediumconst  00FE9A
__pbssBANK0                          bssBANK0     000060
__pbssBANK1                          bssBANK1     000100
__pbssBANK2                          bssBANK2     000200
__pbssCOMRAM                         bssCOMRAM    00002C
__pcinit                             cinit        000F3C
__pcstackBANK0                       cstackBANK0  000089
__pcstackCOMRAM                      cstackCOMRAM 000001
__pdataCOMRAM                        dataCOMRAM   000036
__pidataCOMRAM                       idataCOMRAM  0014AA
__pintcode                           intcode      000008
__pmediumconst                       mediumconst  00FE9A
__pnvCOMRAM                          nvCOMRAM     00003A
__ptext0                             text0        000ABC
__ptext1                             text1        001422
__ptext10                            text10       000E60
__ptext11                            text11       0013C8
__ptext12                            text12       001236
__ptext13                            text13       0013A8
__ptext14                            text14       0014B2
__ptext15                            text15       0007DC
__ptext16                            text16       0010A6
__ptext17                            text17       000596
__ptext18                            text18       00143C
__ptext19                            text19       00133C
__ptext2                             text2        001450
__ptext20                            text20       001314
__ptext21                            text21       0013E6
__ptext22                            text22       001470
__ptext23                            text23       001000
__ptext24                            text24       000ED0
__ptext25                            text25       0012EA
__ptext26                            text26       001264
__ptext27                            text27       00147E
__ptext28                            text28       000098
__ptext29                            text29       0014A0
__ptext3                             text3        0014AE
__ptext30                            text30       00112A
__ptext31                            text31       001404
__ptext32                            text32       001362
__ptext33                            text33       000F9E
__ptext34                            text34       001054
__ptext35                            text35       000B88
__ptext36                            text36       000C2A
__ptext37                            text37       0014B6
__ptext38                            text38       00148A
__ptext39                            text39       0014BA
__ptext4                             text4        00119A
__ptext40                            text40       0014BE
__ptext41                            text41       0014C2
__ptext42                            text42       0014C6
__ptext43                            text43       0014CA
__ptext45                            text45       001292
__ptext46                            text46       00097A
__ptext47                            text47       000D54
__ptext48                            text48       000DDA
__ptext49                            text49       0010EA
__ptext5                             text5        001462
__ptext50                            text50       001164
__ptext51                            text51       000CC4
__ptext52                            text52       001202
__ptext6                             text6        001496
__ptext7                             text7        0011CE
__ptext8                             text8        001388
__ptext9                             text9        0012C0
__ramtop                             ramtop       001000
__size_of_EPWM1_Initialize           (abs)        000000
__size_of_EUSART1_Initialize         (abs)        000000
__size_of_EUSART1_Read               (abs)        000000
__size_of_EUSART1_Receive_ISR        (abs)        000000
__size_of_EUSART1_Transmit_ISR       (abs)        000000
__size_of_EUSART1_Write              (abs)        000000
__size_of_I2C_Init                   (abs)        000000
__size_of_I2C_Read_Byte              (abs)        000000
__size_of_I2C_SCL_CLEAR              (abs)        000000
__size_of_I2C_SCL_OUT_SET            (abs)        000000
__size_of_I2C_SCL_SET                (abs)        000000
__size_of_I2C_SDA_CLEAR              (abs)        000000
__size_of_I2C_SDA_IN_SET             (abs)        000000
__size_of_I2C_SDA_OUT_SET            (abs)        000000
__size_of_I2C_SDA_READ               (abs)        000000
__size_of_I2C_SDA_SET                (abs)        000000
__size_of_I2C_Start                  (abs)        000000
__size_of_I2C_Stop                   (abs)        000000
__size_of_I2C_Write_Byte             (abs)        000000
__size_of_INTERRUPT_Initialize       (abs)        000000
__size_of_INTERRUPT_InterruptManager (abs)        000000
__size_of_InitRadio                  (abs)        000000
__size_of_InitSensor                 (abs)        000000
__size_of_OSCILLATOR_Initialize      (abs)        000000
__size_of_PIN_MANAGER_Initialize     (abs)        000000
__size_of_SYSTEM_Initialize          (abs)        000000
__size_of_TMR2_Initialize            (abs)        000000
__size_of_TMR2_StartTimer            (abs)        000000
__size_of___awmod                    (abs)        000000
__size_of___lmul                     (abs)        000000
__size_of___lwdiv                    (abs)        000000
__size_of___lwmod                    (abs)        000000
__size_of___wmul                     (abs)        000000
__size_of_getUUID                    (abs)        000000
__size_of_isalpha                    (abs)        000000
__size_of_isdigit                    (abs)        000000
__size_of_isspace                    (abs)        000000
__size_of_isupper                    (abs)        000000
__size_of_main                       (abs)        000000
__size_of_printf                     (abs)        000000
__size_of_putch                      (abs)        000000
__size_of_rand                       (abs)        000000
__size_of_read_line                  (abs)        000000
__size_of_srand                      (abs)        000000
__size_of_strchr                     (abs)        000000
__size_of_strcmp                     (abs)        000000
__size_of_strcpy                     (abs)        000000
__size_of_strlen                     (abs)        000000
__size_of_strncmp                    (abs)        000000
__size_of_strstr                     (abs)        000000
__size_of_strtol                     (abs)        000000
__size_of_toupper                    (abs)        000000
__size_of_wait_5ms                   (abs)        000000
__smallconst                         smallconst   000000
_dpowers                             mediumconst  00FE9B
_eusart1RxBuffer                     bssBANK2     000200
_eusart1RxCount                      bssCOMRAM    00002E
_eusart1RxHead                       bssCOMRAM    00002F
_eusart1RxTail                       bssCOMRAM    000030
_eusart1TxBuffer                     bssBANK1     000100
_eusart1TxBufferRemaining            nvCOMRAM     00003A
_eusart1TxHead                       bssCOMRAM    000031
_eusart1TxTail                       bssCOMRAM    000032
_getUUID                             text25       0012EA
_hexpowers                           mediumconst  00FEA5
_inc                                 bssBANK0     000060
_index                               bssCOMRAM    00002C
_isalpha                             text20       001314
_isalpha$1478                        cstackCOMRAM 000029
_isdigit                             text31       001404
_isdigit$1236                        cstackCOMRAM 000026
_isspace                             text19       00133C
_isspace$1481                        cstackCOMRAM 000026
_isupper                             text21       0013E6
_isupper$1484                        cstackCOMRAM 000026
_line                                bssBANK1     000180
_main                                text0        000ABC
_printf                              text28       000098
_putch                               text29       0014A0
_rand                                text23       001000
_randx                               dataCOMRAM   000036
_read_line                           text27       00147E
_ready                               bssCOMRAM    000033
_srand                               text22       001470
_strchr                              text50       001164
_strcmp                              text51       000CC4
_strcpy                              text26       001264
_strlen                              text49       0010EA
_strncmp                             text48       000DDA
_strstr                              text47       000D54
_strtol                              text17       000596
_toupper                             text18       00143C
_uartState                           bssCOMRAM    000034
_uuid                                bssBANK0     000061
_val                                 bssCOMRAM    000035
_wait_5ms                            text16       0010A6
btemp                                temp         00003B
end_of_initialization                cinit        000F94
int$flags                            temp         00003B
intlevel0                            text         000000
intlevel1                            text         000000
intlevel2                            text         000000
intlevel3                            text         000000
isalpha@c                            cstackCOMRAM 00002A
isdigit@c                            cstackCOMRAM 000027
isspace@c                            cstackCOMRAM 000027
isupper@c                            cstackCOMRAM 000027
main@crc                             cstackBANK0  0000AE
main@lsb                             cstackBANK0  0000B0
main@msb                             cstackBANK0  0000AF
printf@ap                            cstackBANK0  0000A2
printf@c                             cstackBANK0  0000AB
printf@cp                            cstackBANK0  0000A0
printf@f                             cstackBANK0  00008E
printf@flag                          cstackBANK0  0000A8
printf@idx                           cstackBANK0  00009E
printf@len                           cstackBANK0  0000A4
printf@prec                          cstackBANK0  00009F
printf@val                           cstackBANK0  0000A6
printf@width                         cstackBANK0  0000A9
putch@txData                         cstackCOMRAM 000026
srand@x                              cstackBANK0  0000A1
stackhi                              (abs)        000F37
stacklo                              (abs)        000280
start                                init         000094
start_initialization                 cinit        000F3C
strchr@chr                           cstackCOMRAM 000003
strchr@ptr                           cstackCOMRAM 000001
strcmp@r                             cstackCOMRAM 000006
strcmp@s1                            cstackCOMRAM 000001
strcmp@s2                            cstackCOMRAM 000003
strcpy@cp                            cstackCOMRAM 000029
strcpy@from                          cstackCOMRAM 000027
strcpy@to                            cstackCOMRAM 000025
strlen@cp                            cstackCOMRAM 000005
strlen@s                             cstackCOMRAM 000001
strncmp@len                          cstackCOMRAM 00000B
strncmp@s1                           cstackCOMRAM 000007
strncmp@s2                           cstackCOMRAM 000009
strstr@s1                            cstackCOMRAM 000010
strstr@s2                            cstackCOMRAM 000012
strtol@a                             cstackBANK0  00009C
strtol@base                          cstackBANK0  000095
strtol@c                             cstackBANK0  0000A0
strtol@endptr                        cstackBANK0  000093
strtol@s                             cstackBANK0  000091
strtol@sign                          cstackBANK0  00009B
toupper@c                            cstackCOMRAM 000025
wait_5ms@i                           cstackCOMRAM 00002B
wait_5ms@j                           cstackBANK0  000097


FUNCTION INFORMATION:

 *************** function _main *****************
 Defined at:
		line 119 in file "main.c"
 Parameters:    Size  Location     Type
		None
 Auto vars:     Size  Location     Type
  lsb             1   39[BANK0 ] unsigned char 
  msb             1   38[BANK0 ] unsigned char 
  crc             1   37[BANK0 ] unsigned char 
 Return value:  Size  Location     Type
                  1    wreg      void 
 Registers used:
		wreg, fsr1l, fsr1h, fsr2l, fsr2h, status,2, status,0, tblptrl, tblptrh, tblptru, prodl, prodh, cstack
 Tracked objects:
		On entry : 
		On exit  : 
		Unchanged: 
 Data sizes:     COMRAM   BANK0   BANK1   BANK2   BANK3   BANK4   BANK5   BANK6   BANK7   BANK8   BANK9  BANK10  BANK11  BANK12  BANK13  BANK14  BANK15
      Params:         0       0       0       0       0       0       0       0       0       0       0       0       0       0       0       0       0
      Locals:         0       3       0       0       0       0       0       0       0       0       0       0       0       0       0       0       0
      Temps:          0       0       0       0       0       0       0       0       0       0       0       0       0       0       0       0       0
      Totals:         0       3       0       0       0       0       0       0       0       0       0       0       0       0       0       0       0
Total ram usage:        3 bytes
 Hardware stack levels required when called:    9
 This function calls:
		_I2C_Read_Byte
		_I2C_Start
		_I2C_Stop
		_I2C_Write_Byte
		_InitRadio
		_InitSensor
		_SYSTEM_Initialize
		___awmod
		_printf
		_rand
		_read_line
		_wait_5ms
 This function is called by:
		Startup code after reset
 This function uses a non-reentrant model


 *************** function _SYSTEM_Initialize *****************
 Defined at:
		line 112 in file "mcc_generated_files/mcc.c"
 Parameters:    Size  Location     Type
		None
 Auto vars:     Size  Location     Type
		None
 Return value:  Size  Location     Type
                  1    wreg      void 
 Registers used:
		wreg, status,2, cstack
 Tracked objects:
		On entry : 
		On exit  : 
		Unchanged: 
 Data sizes:     COMRAM   BANK0   BANK1   BANK2   BANK3   BANK4   BANK5   BANK6   BANK7   BANK8   BANK9  BANK10  BANK11  BANK12  BANK13  BANK14  BANK15
      Params:         0       0       0       0       0       0       0       0       0       0       0       0       0       0       0       0       0
      Locals:         0       0       0       0       0       0       0       0       0       0       0       0       0       0       0       0       0
      Temps:          0       0       0       0       0       0       0       0       0       0       0       0       0       0       0       0       0
      Totals:         0       0       0       0       0       0       0       0       0       0       0       0       0       0       0       0       0
Total ram usage:        0 bytes
 Hardware stack levels used:    1
 Hardware stack levels required when called:    6
 This function calls:
		_EPWM1_Initialize
		_EUSART1_Initialize
		_INTERRUPT_Initialize
		_OSCILLATOR_Initialize
		_PIN_MANAGER_Initialize
		_TMR2_Initialize
 This function is called by:
		_main
 This function uses a non-reentrant model


 *************** function _TMR2_Initialize *****************
 Defined at:
		line 58 in file "mcc_generated_files/tmr2.c"
 Parameters:    Size  Location     Type
		None
 Auto vars:     Size  Location     Type
		None
 Return value:  Size  Location     Type
                  1    wreg      void 
 Registers used:
		wreg, status,2, cstack
 Tracked objects:
		On entry : 
		On exit  : 
		Unchanged: 
 Data sizes:     COMRAM   BANK0   BANK1   BANK2   BANK3   BANK4   BANK5   BANK6   BANK7   BANK8   BANK9  BANK10  BANK11  BANK12  BANK13  BANK14  BANK15
      Params:         0       0       0       0       0       0       0       0       0       0       0       0       0       0       0       0       0
      Locals:         0       0       0       0       0       0       0       0       0       0       0       0       0       0       0       0       0
      Temps:          0       0       0       0       0       0       0       0       0       0       0       0       0       0       0       0       0
      Totals:         0       0       0       0       0       0       0       0       0       0       0       0       0       0       0       0       0
Total ram usage:        0 bytes
 Hardware stack levels used:    1
 Hardware stack levels required when called:    5
 This function calls:
		_TMR2_StartTimer
 This function is called by:
		_SYSTEM_Initialize
 This function uses a non-reentrant model


 *************** function _TMR2_StartTimer *****************
 Defined at:
		line 78 in file "mcc_generated_files/tmr2.c"
 Parameters:    Size  Location     Type
		None
 Auto vars:     Size  Location     Type
		None
 Return value:  Size  Location     Type
                  1    wreg      void 
 Registers used:
		None
 Tracked objects:
		On entry : 
		On exit  : 
		Unchanged: 
 Data sizes:     COMRAM   BANK0   BANK1   BANK2   BANK3   BANK4   BANK5   BANK6   BANK7   BANK8   BANK9  BANK10  BANK11  BANK12  BANK13  BANK14  BANK15
      Params:         0       0       0       0       0       0       0       0       0       0       0       0       0       0       0       0       0
      Locals:         0       0       0       0       0       0       0       0       0       0       0       0       0       0       0       0       0
      Temps:          0       0       0       0       0       0       0       0       0       0       0       0       0       0       0       0       0
      Totals:         0       0       0       0       0       0       0       0       0       0       0       0       0       0       0       0       0
Total ram usage:        0 bytes
 Hardware stack levels used:    1
 Hardware stack levels required when called:    4
 This function calls:
		Nothing
 This function is called by:
		_TMR2_Initialize
 This function uses a non-reentrant model


 *************** function _PIN_MANAGER_Initialize *****************
 Defined at:
		line 49 in file "mcc_generated_files/pin_manager.c"
 Parameters:    Size  Location     Type
		None
 Auto vars:     Size  Location     Type
		None
 Return value:  Size  Location     Type
                  1    wreg      void 
 Registers used:
		wreg, status,2
 Tracked objects:
		On entry : 
		On exit  : 
		Unchanged: 
 Data sizes:     COMRAM   BANK0   BANK1   BANK2   BANK3   BANK4   BANK5   BANK6   BANK7   BANK8   BANK9  BANK10  BANK11  BANK12  BANK13  BANK14  BANK15
      Params:         0       0       0       0       0       0       0       0       0       0       0       0       0       0       0       0       0
      Locals:         0       0       0       0       0       0       0       0       0       0       0       0       0       0       0       0       0
      Temps:          0       0       0       0       0       0       0       0       0       0       0       0       0       0       0       0       0
      Totals:         0       0       0       0       0       0       0       0       0       0       0       0       0       0       0       0       0
Total ram usage:        0 bytes
 Hardware stack levels used:    1
 Hardware stack levels required when called:    4
 This function calls:
		Nothing
 This function is called by:
		_SYSTEM_Initialize
 This function uses a non-reentrant model


 *************** function _OSCILLATOR_Initialize *****************
 Defined at:
		line 123 in file "mcc_generated_files/mcc.c"
 Parameters:    Size  Location     Type
		None
 Auto vars:     Size  Location     Type
		None
 Return value:  Size  Location     Type
                  1    wreg      void 
 Registers used:
		wreg, status,2
 Tracked objects:
		On entry : 
		On exit  : 
		Unchanged: 
 Data sizes:     COMRAM   BANK0   BANK1   BANK2   BANK3   BANK4   BANK5   BANK6   BANK7   BANK8   BANK9  BANK10  BANK11  BANK12  BANK13  BANK14  BANK15
      Params:         0       0       0       0       0       0       0       0       0       0       0       0       0       0       0       0       0
      Locals:         0       0       0       0       0       0       0       0       0       0       0       0       0       0       0       0       0
      Temps:          0       0       0       0       0       0       0       0       0       0       0       0       0       0       0       0       0
      Totals:         0       0       0       0       0       0       0       0       0       0       0       0       0       0       0       0       0
Total ram usage:        0 bytes
 Hardware stack levels used:    1
 Hardware stack levels required when called:    4
 This function calls:
		Nothing
 This function is called by:
		_SYSTEM_Initialize
 This function uses a non-reentrant model


 *************** function _INTERRUPT_Initialize *****************
 Defined at:
		line 52 in file "mcc_generated_files/interrupt_manager.c"
 Parameters:    Size  Location     Type
		None
 Auto vars:     Size  Location     Type
		None
 Return value:  Size  Location     Type
                  1    wreg      void 
 Registers used:
		None
 Tracked objects:
		On entry : 
		On exit  : 
		Unchanged: 
 Data sizes:     COMRAM   BANK0   BANK1   BANK2   BANK3   BANK4   BANK5   BANK6   BANK7   BANK8   BANK9  BANK10  BANK11  BANK12  BANK13  BANK14  BANK15
      Params:         0       0       0       0       0       0       0       0       0       0       0       0       0       0       0       0       0
      Locals:         0       0       0       0       0       0       0       0       0       0       0       0       0       0       0       0       0
      Temps:          0       0       0       0       0       0       0       0       0       0       0       0       0       0       0       0       0
      Totals:         0       0       0       0       0       0       0       0       0       0       0       0       0       0       0       0       0
Total ram usage:        0 bytes
 Hardware stack levels used:    1
 Hardware stack levels required when called:    4
 This function calls:
		Nothing
 This function is called by:
		_SYSTEM_Initialize
 This function uses a non-reentrant model


 *************** function _EUSART1_Initialize *****************
 Defined at:
		line 84 in file "mcc_generated_files/eusart1.c"
 Parameters:    Size  Location     Type
		None
 Auto vars:     Size  Location     Type
		None
 Return value:  Size  Location     Type
                  1    wreg      void 
 Registers used:
		wreg, status,2
 Tracked objects:
		On entry : 
		On exit  : 
		Unchanged: 
 Data sizes:     COMRAM   BANK0   BANK1   BANK2   BANK3   BANK4   BANK5   BANK6   BANK7   BANK8   BANK9  BANK10  BANK11  BANK12  BANK13  BANK14  BANK15
      Params:         0       0       0       0       0       0       0       0       0       0       0       0       0       0       0       0       0
      Locals:         0       0       0       0       0       0       0       0       0       0       0       0       0       0       0       0       0
      Temps:          0       0       0       0       0       0       0       0       0       0       0       0       0       0       0       0       0
      Totals:         0       0       0       0       0       0       0       0       0       0       0       0       0       0       0       0       0
Total ram usage:        0 bytes
 Hardware stack levels used:    1
 Hardware stack levels required when called:    4
 This function calls:
		Nothing
 This function is called by:
		_SYSTEM_Initialize
 This function uses a non-reentrant model


 *************** function _EPWM1_Initialize *****************
 Defined at:
		line 64 in file "mcc_generated_files/epwm1.c"
 Parameters:    Size  Location     Type
		None
 Auto vars:     Size  Location     Type
		None
 Return value:  Size  Location     Type
                  1    wreg      void 
 Registers used:
		wreg, status,2
 Tracked objects:
		On entry : 
		On exit  : 
		Unchanged: 
 Data sizes:     COMRAM   BANK0   BANK1   BANK2   BANK3   BANK4   BANK5   BANK6   BANK7   BANK8   BANK9  BANK10  BANK11  BANK12  BANK13  BANK14  BANK15
      Params:         0       0       0       0       0       0       0       0       0       0       0       0       0       0       0       0       0
      Locals:         0       0       0       0       0       0       0       0       0       0       0       0       0       0       0       0       0
      Temps:          0       0       0       0       0       0       0       0       0       0       0       0       0       0       0       0       0
      Totals:         0       0       0       0       0       0       0       0       0       0       0       0       0       0       0       0       0
Total ram usage:        0 bytes
 Hardware stack levels used:    1
 Hardware stack levels required when called:    4
 This function calls:
		Nothing
 This function is called by:
		_SYSTEM_Initialize
 This function uses a non-reentrant model


 *************** function _InitSensor *****************
 Defined at:
		line 103 in file "main.c"
 Parameters:    Size  Location     Type
		None
 Auto vars:     Size  Location     Type
		None
 Return value:  Size  Location     Type
                  1    wreg      void 
 Registers used:
		wreg, status,2, status,0, cstack
 Tracked objects:
		On entry : 
		On exit  : 
		Unchanged: 
 Data sizes:     COMRAM   BANK0   BANK1   BANK2   BANK3   BANK4   BANK5   BANK6   BANK7   BANK8   BANK9  BANK10  BANK11  BANK12  BANK13  BANK14  BANK15
      Params:         0       0       0       0       0       0       0       0       0       0       0       0       0       0       0       0       0
      Locals:         0       0       0       0       0       0       0       0       0       0       0       0       0       0       0       0       0
      Temps:          0       0       0       0       0       0       0       0       0       0       0       0       0       0       0       0       0
      Totals:         0       0       0       0       0       0       0       0       0       0       0       0       0       0       0       0       0
Total ram usage:        0 bytes
 Hardware stack levels used:    1
 Hardware stack levels required when called:    6
 This function calls:
		_I2C_Init
		_I2C_Start
		_I2C_Stop
		_I2C_Write_Byte
 This function is called by:
		_main
 This function uses a non-reentrant model


 *************** function _I2C_Write_Byte *****************
 Defined at:
		line 89 in file "soft_i2c.c"
 Parameters:    Size  Location     Type
  byt             1    wreg     unsigned char 
 Auto vars:     Size  Location     Type
  byt             1   36[COMRAM] unsigned char 
  i               1   37[COMRAM] unsigned char 
 Return value:  Size  Location     Type
                  1    wreg      void 
 Registers used:
		wreg, status,2, status,0, cstack
 Tracked objects:
		On entry : 
		On exit  : 
		Unchanged: 
 Data sizes:     COMRAM   BANK0   BANK1   BANK2   BANK3   BANK4   BANK5   BANK6   BANK7   BANK8   BANK9  BANK10  BANK11  BANK12  BANK13  BANK14  BANK15
      Params:         0       0       0       0       0       0       0       0       0       0       0       0       0       0       0       0       0
      Locals:         2       0       0       0       0       0       0       0       0       0       0       0       0       0       0       0       0
      Temps:          0       0       0       0       0       0       0       0       0       0       0       0       0       0       0       0       0
      Totals:         2       0       0       0       0       0       0       0       0       0       0       0       0       0       0       0       0
Total ram usage:        2 bytes
 Hardware stack levels used:    1
 Hardware stack levels required when called:    5
 This function calls:
		_I2C_SCL_CLEAR
		_I2C_SCL_SET
		_I2C_SDA_CLEAR
		_I2C_SDA_IN_SET
		_I2C_SDA_OUT_SET
		_I2C_SDA_SET
 This function is called by:
		_InitSensor
		_main
 This function uses a non-reentrant model


 *************** function _I2C_Stop *****************
 Defined at:
		line 75 in file "soft_i2c.c"
 Parameters:    Size  Location     Type
		None
 Auto vars:     Size  Location     Type
		None
 Return value:  Size  Location     Type
                  1    wreg      void 
 Registers used:
		wreg, cstack
 Tracked objects:
		On entry : 
		On exit  : 
		Unchanged: 
 Data sizes:     COMRAM   BANK0   BANK1   BANK2   BANK3   BANK4   BANK5   BANK6   BANK7   BANK8   BANK9  BANK10  BANK11  BANK12  BANK13  BANK14  BANK15
      Params:         0       0       0       0       0       0       0       0       0       0       0       0       0       0       0       0       0
      Locals:         0       0       0       0       0       0       0       0       0       0       0       0       0       0       0       0       0
      Temps:          0       0       0       0       0       0       0       0       0       0       0       0       0       0       0       0       0
      Totals:         0       0       0       0       0       0       0       0       0       0       0       0       0       0       0       0       0
Total ram usage:        0 bytes
 Hardware stack levels used:    1
 Hardware stack levels required when called:    5
 This function calls:
		_I2C_SCL_SET
		_I2C_SDA_OUT_SET
		_I2C_SDA_SET
 This function is called by:
		_InitSensor
		_main
 This function uses a non-reentrant model


 *************** function _I2C_Start *****************
 Defined at:
		line 57 in file "soft_i2c.c"
 Parameters:    Size  Location     Type
		None
 Auto vars:     Size  Location     Type
		None
 Return value:  Size  Location     Type
                  1    wreg      void 
 Registers used:
		wreg, cstack
 Tracked objects:
		On entry : 
		On exit  : 
		Unchanged: 
 Data sizes:     COMRAM   BANK0   BANK1   BANK2   BANK3   BANK4   BANK5   BANK6   BANK7   BANK8   BANK9  BANK10  BANK11  BANK12  BANK13  BANK14  BANK15
      Params:         0       0       0       0       0       0       0       0       0       0       0       0       0       0       0       0       0
      Locals:         0       0       0       0       0       0       0       0       0       0       0       0       0       0       0       0       0
      Temps:          0       0       0       0       0       0       0       0       0       0       0       0       0       0       0       0       0
      Totals:         0       0       0       0       0       0       0       0       0       0       0       0       0       0       0       0       0
Total ram usage:        0 bytes
 Hardware stack levels used:    1
 Hardware stack levels required when called:    5
 This function calls:
		_I2C_SCL_CLEAR
		_I2C_SCL_SET
		_I2C_SDA_CLEAR
		_I2C_SDA_OUT_SET
		_I2C_SDA_SET
 This function is called by:
		_InitSensor
		_main
 This function uses a non-reentrant model


 *************** function _I2C_Init *****************
 Defined at:
		line 46 in file "soft_i2c.c"
 Parameters:    Size  Location     Type
		None
 Auto vars:     Size  Location     Type
		None
 Return value:  Size  Location     Type
                  1    wreg      void 
 Registers used:
		wreg, cstack
 Tracked objects:
		On entry : 
		On exit  : 
		Unchanged: 
 Data sizes:     COMRAM   BANK0   BANK1   BANK2   BANK3   BANK4   BANK5   BANK6   BANK7   BANK8   BANK9  BANK10  BANK11  BANK12  BANK13  BANK14  BANK15
      Params:         0       0       0       0       0       0       0       0       0       0       0       0       0       0       0       0       0
      Locals:         0       0       0       0       0       0       0       0       0       0       0       0       0       0       0       0       0
      Temps:          1       0       0       0       0       0       0       0       0       0       0       0       0       0       0       0       0
      Totals:         1       0       0       0       0       0       0       0       0       0       0       0       0       0       0       0       0
Total ram usage:        1 bytes
 Hardware stack levels used:    1
 Hardware stack levels required when called:    5
 This function calls:
		_I2C_SCL_OUT_SET
		_I2C_SCL_SET
		_I2C_SDA_OUT_SET
		_I2C_SDA_SET
 This function is called by:
		_InitSensor
 This function uses a non-reentrant model


 *************** function _I2C_SCL_OUT_SET *****************
 Defined at:
		line 35 in file "soft_i2c.c"
 Parameters:    Size  Location     Type
		None
 Auto vars:     Size  Location     Type
		None
 Return value:  Size  Location     Type
                  1    wreg      void 
 Registers used:
		None
 Tracked objects:
		On entry : 
		On exit  : 
		Unchanged: 
 Data sizes:     COMRAM   BANK0   BANK1   BANK2   BANK3   BANK4   BANK5   BANK6   BANK7   BANK8   BANK9  BANK10  BANK11  BANK12  BANK13  BANK14  BANK15
      Params:         0       0       0       0       0       0       0       0       0       0       0       0       0       0       0       0       0
      Locals:         0       0       0       0       0       0       0       0       0       0       0       0       0       0       0       0       0
      Temps:          0       0       0       0       0       0       0       0       0       0       0       0       0       0       0       0       0
      Totals:         0       0       0       0       0       0       0       0       0       0       0       0       0       0       0       0       0
Total ram usage:        0 bytes
 Hardware stack levels used:    1
 Hardware stack levels required when called:    4
 This function calls:
		Nothing
 This function is called by:
		_I2C_Init
 This function uses a non-reentrant model


 *************** function _InitRadio *****************
 Defined at:
		line 62 in file "main.c"
 Parameters:    Size  Location     Type
		None
 Auto vars:     Size  Location     Type
  delay           2   35[BANK0 ] int 
 Return value:  Size  Location     Type
                  1    wreg      void 
 Registers used:
		wreg, fsr1l, fsr1h, fsr2l, fsr2h, status,2, status,0, tblptrl, tblptrh, tblptru, prodl, prodh, cstack
 Tracked objects:
		On entry : 
		On exit  : 
		Unchanged: 
 Data sizes:     COMRAM   BANK0   BANK1   BANK2   BANK3   BANK4   BANK5   BANK6   BANK7   BANK8   BANK9  BANK10  BANK11  BANK12  BANK13  BANK14  BANK15
      Params:         0       0       0       0       0       0       0       0       0       0       0       0       0       0       0       0       0
      Locals:         0       2       0       0       0       0       0       0       0       0       0       0       0       0       0       0       0
[...]
                  1    wreg      void 
 Registers used:
		wreg, fsr1l, fsr1h, fsr2l, fsr2h, status,2, status,0, tblptrl, tblptrh, tblptru, prodl, prodh, cstack
 Tracked objects:
		On entry : 
		On exit  : 
		Unchanged: 
 Data sizes:     COMRAM   BANK0   BANK1   BANK2   BANK3   BANK4   BANK5   BANK6   BANK7   BANK8   BANK9  BANK10  BANK11  BANK12  BANK13  BANK14  BANK15
      Params:         0       0       0       0       0       0       0       0       0       0       0       0       0       0       0       0       0
      Locals:         0       0       0       0       0       0       0       0       0       0       0       0       0       0       0       0       0
      Temps:         14       0       0       0       0       0       0       0       0       0       0       0       0       0       0       0       0
      Totals:        14       0       0       0       0       0       0       0       0       0       0       0       0       0       0       0       0
Total ram usage:       14 bytes
 Hardware stack levels used:    1
 Hardware stack levels required when called:    3
 This function calls:
		_EUSART1_Receive_ISR
		_EUSART1_Transmit_ISR
 This function is called by:
		Interrupt level 2
 This function uses a non-reentrant model


 *************** function _EUSART1_Transmit_ISR *****************
 Defined at:
		line 175 in file "mcc_generated_files/eusart1.c"
 Parameters:    Size  Location     Type
		None
 Auto vars:     Size  Location     Type
		None
 Return value:  Size  Location     Type
                  1    wreg      void 
 Registers used:
		wreg, fsr2l, fsr2h, status,2, status,0, prodl, prodh
 Tracked objects:
		On entry : 
		On exit  : 
		Unchanged: 
 Data sizes:     COMRAM   BANK0   BANK1   BANK2   BANK3   BANK4   BANK5   BANK6   BANK7   BANK8   BANK9  BANK10  BANK11  BANK12  BANK13  BANK14  BANK15
      Params:         0       0       0       0       0       0       0       0       0       0       0       0       0       0       0       0       0
      Locals:         0       0       0       0       0       0       0       0       0       0       0       0       0       0       0       0       0
      Temps:          0       0       0       0       0       0       0       0       0       0       0       0       0       0       0       0       0
      Totals:         0       0       0       0       0       0       0       0       0       0       0       0       0       0       0       0       0
Total ram usage:        0 bytes
 Hardware stack levels used:    1
 This function calls:
		Nothing
 This function is called by:
		_INTERRUPT_InterruptManager
 This function uses a non-reentrant model


 *************** function _EUSART1_Receive_ISR *****************
 Defined at:
		line 194 in file "mcc_generated_files/eusart1.c"
 Parameters:    Size  Location     Type
		None
 Auto vars:     Size  Location     Type
  state           2   20[COMRAM] int 
 Return value:  Size  Location     Type
                  1    wreg      void 
 Registers used:
		wreg, fsr1l, fsr1h, fsr2l, fsr2h, status,2, status,0, tblptrl, tblptrh, tblptru, prodl, prodh, cstack
 Tracked objects:
		On entry : 
		On exit  : 
		Unchanged: 
 Data sizes:     COMRAM   BANK0   BANK1   BANK2   BANK3   BANK4   BANK5   BANK6   BANK7   BANK8   BANK9  BANK10  BANK11  BANK12  BANK13  BANK14  BANK15
      Params:         0       0       0       0       0       0       0       0       0       0       0       0       0       0       0       0       0
      Locals:         2       0       0       0       0       0       0       0       0       0       0       0       0       0       0       0       0
      Temps:          1       0       0       0       0       0       0       0       0       0       0       0       0       0       0       0       0
      Totals:         3       0       0       0       0       0       0       0       0       0       0       0       0       0       0       0       0
Total ram usage:        3 bytes
 Hardware stack levels used:    1
 Hardware stack levels required when called:    2
 This function calls:
		_EUSART1_Read
		_strcmp
		_strstr
 This function is called by:
		_INTERRUPT_InterruptManager
 This function uses a non-reentrant model


 *************** function _strstr *****************
 Defined at:
		line 4 in file "C:\Program Files (x86)\Microchip\xc8\v1.36\sources\common\strstr.c"
 Parameters:    Size  Location     Type
  s1              2   15[COMRAM] PTR const unsigned char 
		 -> NULL(0), line(128), 
  s2              2   17[COMRAM] PTR const unsigned char 
		 -> STR_2(9), 
 Auto vars:     Size  Location     Type
		None
 Return value:  Size  Location     Type
                  2   15[COMRAM] PTR unsigned char 
 Registers used:
		wreg, fsr2l, fsr2h, status,2, status,0, tblptrl, tblptrh, tblptru, cstack
 Tracked objects:
		On entry : 
		On exit  : 
		Unchanged: 
 Data sizes:     COMRAM   BANK0   BANK1   BANK2   BANK3   BANK4   BANK5   BANK6   BANK7   BANK8   BANK9  BANK10  BANK11  BANK12  BANK13  BANK14  BANK15
      Params:         4       0       0       0       0       0       0       0       0       0       0       0       0       0       0       0       0
      Locals:         0       0       0       0       0       0       0       0       0       0       0       0       0       0       0       0       0
      Temps:          0       0       0       0       0       0       0       0       0       0       0       0       0       0       0       0       0
      Totals:         4       0       0       0       0       0       0       0       0       0       0       0       0       0       0       0       0
Total ram usage:        4 bytes
 Hardware stack levels used:    1
 Hardware stack levels required when called:    1
 This function calls:
		_strchr
		_strlen
		_strncmp
 This function is called by:
		_EUSART1_Receive_ISR
 This function uses a non-reentrant model


 *************** function _strncmp *****************
 Defined at:
		line 4 in file "C:\Program Files (x86)\Microchip\xc8\v1.36\sources\common\strncmp.c"
 Parameters:    Size  Location     Type
  s1              2    6[COMRAM] PTR const unsigned char 
		 -> NULL(0), line(128), 
  s2              2    8[COMRAM] PTR const unsigned char 
		 -> STR_2(9), 
  len             2   10[COMRAM] unsigned int 
 Auto vars:     Size  Location     Type
		None
 Return value:  Size  Location     Type
                  2    6[COMRAM] int 
 Registers used:
		wreg, fsr2l, fsr2h, status,2, status,0, tblptrl, tblptrh, tblptru
 Tracked objects:
		On entry : 
		On exit  : 
		Unchanged: 
 Data sizes:     COMRAM   BANK0   BANK1   BANK2   BANK3   BANK4   BANK5   BANK6   BANK7   BANK8   BANK9  BANK10  BANK11  BANK12  BANK13  BANK14  BANK15
      Params:         6       0       0       0       0       0       0       0       0       0       0       0       0       0       0       0       0
      Locals:         0       0       0       0       0       0       0       0       0       0       0       0       0       0       0       0       0
      Temps:          3       0       0       0       0       0       0       0       0       0       0       0       0       0       0       0       0
      Totals:         9       0       0       0       0       0       0       0       0       0       0       0       0       0       0       0       0
Total ram usage:        9 bytes
 Hardware stack levels used:    1
 This function calls:
		Nothing
 This function is called by:
		_strstr
 This function uses a non-reentrant model


 *************** function _strlen *****************
 Defined at:
		line 4 in file "C:\Program Files (x86)\Microchip\xc8\v1.36\sources\common\strlen.c"
 Parameters:    Size  Location     Type
  s               2    0[COMRAM] PTR const unsigned char 
		 -> STR_2(9), 
 Auto vars:     Size  Location     Type
  cp              2    4[COMRAM] PTR const unsigned char 
		 -> STR_2(9), 
 Return value:  Size  Location     Type
                  2    0[COMRAM] unsigned int 
 Registers used:
		wreg, status,2, status,0, tblptrl, tblptrh, tblptru
 Tracked objects:
		On entry : 
		On exit  : 
		Unchanged: 
 Data sizes:     COMRAM   BANK0   BANK1   BANK2   BANK3   BANK4   BANK5   BANK6   BANK7   BANK8   BANK9  BANK10  BANK11  BANK12  BANK13  BANK14  BANK15
      Params:         2       0       0       0       0       0       0       0       0       0       0       0       0       0       0       0       0
      Locals:         2       0       0       0       0       0       0       0       0       0       0       0       0       0       0       0       0
      Temps:          2       0       0       0       0       0       0       0       0       0       0       0       0       0       0       0       0
      Totals:         6       0       0       0       0       0       0       0       0       0       0       0       0       0       0       0       0
Total ram usage:        6 bytes
 Hardware stack levels used:    1
 This function calls:
		Nothing
 This function is called by:
		_strstr
 This function uses a non-reentrant model


 *************** function _strchr *****************
 Defined at:
		line 4 in file "C:\Program Files (x86)\Microchip\xc8\v1.36\sources\common\strchr.c"
 Parameters:    Size  Location     Type
  ptr             2    0[COMRAM] PTR const unsigned char 
		 -> NULL(0), line(128), 
  chr             2    2[COMRAM] int 
 Auto vars:     Size  Location     Type
		None
 Return value:  Size  Location     Type
                  2    0[COMRAM] PTR unsigned char 
 Registers used:
		wreg, fsr2l, fsr2h, status,2, status,0
 Tracked objects:
		On entry : 
		On exit  : 
		Unchanged: 
 Data sizes:     COMRAM   BANK0   BANK1   BANK2   BANK3   BANK4   BANK5   BANK6   BANK7   BANK8   BANK9  BANK10  BANK11  BANK12  BANK13  BANK14  BANK15
      Params:         4       0       0       0       0       0       0       0       0       0       0       0       0       0       0       0       0
      Locals:         0       0       0       0       0       0       0       0       0       0       0       0       0       0       0       0       0
      Temps:          1       0       0       0       0       0       0       0       0       0       0       0       0       0       0       0       0
      Totals:         5       0       0       0       0       0       0       0       0       0       0       0       0       0       0       0       0
Total ram usage:        5 bytes
 Hardware stack levels used:    1
 This function calls:
		Nothing
 This function is called by:
		_strstr
 This function uses a non-reentrant model


 *************** function _strcmp *****************
 Defined at:
		line 33 in file "C:\Program Files (x86)\Microchip\xc8\v1.36\sources\common\strcmp.c"
 Parameters:    Size  Location     Type
  s1              2    0[COMRAM] PTR const unsigned char 
		 -> STR_1(10), line(128), 
  s2              2    2[COMRAM] PTR const unsigned char 
		 -> STR_4(3), STR_3(12), line(128), 
 Auto vars:     Size  Location     Type
  r               1    5[COMRAM] char 
 Return value:  Size  Location     Type
                  2    0[COMRAM] int 
 Registers used:
		wreg, fsr1l, fsr1h, status,2, status,0, tblptrl, tblptrh, tblptru
 Tracked objects:
		On entry : 
		On exit  : 
		Unchanged: 
 Data sizes:     COMRAM   BANK0   BANK1   BANK2   BANK3   BANK4   BANK5   BANK6   BANK7   BANK8   BANK9  BANK10  BANK11  BANK12  BANK13  BANK14  BANK15
      Params:         4       0       0       0       0       0       0       0       0       0       0       0       0       0       0       0       0
      Locals:         1       0       0       0       0       0       0       0       0       0       0       0       0       0       0       0       0
      Temps:          1       0       0       0       0       0       0       0       0       0       0       0       0       0       0       0       0
      Totals:         6       0       0       0       0       0       0       0       0       0       0       0       0       0       0       0       0
Total ram usage:        6 bytes
 Hardware stack levels used:    1
 This function calls:
		Nothing
 This function is called by:
		_EUSART1_Receive_ISR
 This function uses a non-reentrant model


 *************** function _EUSART1_Read *****************
 Defined at:
		line 121 in file "mcc_generated_files/eusart1.c"
 Parameters:    Size  Location     Type
		None
 Auto vars:     Size  Location     Type
  readValue       1    0[COMRAM] unsigned char 
 Return value:  Size  Location     Type
                  1    wreg      unsigned char 
 Registers used:
		wreg, fsr2l, fsr2h, status,2, status,0, prodl, prodh
 Tracked objects:
		On entry : 
		On exit  : 
		Unchanged: 
 Data sizes:     COMRAM   BANK0   BANK1   BANK2   BANK3   BANK4   BANK5   BANK6   BANK7   BANK8   BANK9  BANK10  BANK11  BANK12  BANK13  BANK14  BANK15
      Params:         0       0       0       0       0       0       0       0       0       0       0       0       0       0       0       0       0
      Locals:         1       0       0       0       0       0       0       0       0       0       0       0       0       0       0       0       0
      Temps:          0       0       0       0       0       0       0       0       0       0       0       0       0       0       0       0       0
      Totals:         1       0       0       0       0       0       0       0       0       0       0       0       0       0       0       0       0
Total ram usage:        1 bytes
 Hardware stack levels used:    1
 This function calls:
		Nothing
 This function is called by:
		_EUSART1_Receive_ISR
		_getch
 This function uses a non-reentrant model



MODULE INFORMATION

Module		Function		Class		Link	Load	Size
C:\Program Files (x86)\Microchip\xc8\v1.36\sources\common\strlen.c
		_strlen        		CODE           	10EA	0000	65

C:\Program Files (x86)\Microchip\xc8\v1.36\sources\common\strlen.c estimated size: 65

C:\Program Files (x86)\Microchip\xc8\v1.36\sources\common\strcmp.c
		_strcmp        		CODE           	0CC4	0000	145

C:\Program Files (x86)\Microchip\xc8\v1.36\sources\common\strcmp.c estimated size: 145

C:\Program Files (x86)\Microchip\xc8\v1.36\sources\common\strchr.c
		_strchr        		CODE           	1164	0000	55

C:\Program Files (x86)\Microchip\xc8\v1.36\sources\common\strchr.c estimated size: 55

C:\Program Files (x86)\Microchip\xc8\v1.36\sources\common\strcpy.c
		_strcpy        		CODE           	1264	0000	47

C:\Program Files (x86)\Microchip\xc8\v1.36\sources\common\strcpy.c estimated size: 47

C:\Program Files (x86)\Microchip\xc8\v1.36\sources\common\strtol.c
		_strtol        		CODE           	0596	0000	583

C:\Program Files (x86)\Microchip\xc8\v1.36\sources\common\strtol.c estimated size: 583

mcc_generated_files/tmr2.c
		_TMR2_Initialize		CODE           	1450	0000	19
		_TMR2_StartTimer		CODE           	14AE	0000	5

mcc_generated_files/tmr2.c estimated size: 24

C:\Program Files (x86)\Microchip\xc8\v1.36\sources\common\isupper.c
		_isupper       		CODE           	13E6	0000	31

C:\Program Files (x86)\Microchip\xc8\v1.36\sources\common\isupper.c estimated size: 31

mcc_generated_files/interrupt_manager.c
		_INTERRUPT_Initialize		CODE           	1496	0000	11
		_INTERRUPT_InterruptManager		CODE           	0008	0000	141

mcc_generated_files/interrupt_manager.c estimated size: 152

C:\Program Files (x86)\Microchip\xc8\v1.36\sources\common\toupper.c
		_toupper       		CODE           	143C	0000	21

C:\Program Files (x86)\Microchip\xc8\v1.36\sources\common\toupper.c estimated size: 21

C:\Program Files (x86)\Microchip\xc8\v1.36\sources\common\isspace.c
		_isspace       		CODE           	133C	0000	39

C:\Program Files (x86)\Microchip\xc8\v1.36\sources\common\isspace.c estimated size: 39

C:\Program Files (x86)\Microchip\xc8\v1.36\sources\common\rand.c
		_srand         		CODE           	1470	0000	15
		_rand          		CODE           	1000	0000	85

C:\Program Files (x86)\Microchip\xc8\v1.36\sources\common\rand.c estimated size: 100

mcc_generated_files/pin_manager.c
		_PIN_MANAGER_Initialize		CODE           	119A	0000	53

mcc_generated_files/pin_manager.c estimated size: 53

C:\Program Files (x86)\Microchip\xc8\v1.36\sources\common\strncmp.c
		_strncmp       		CODE           	0DDA	0000	135

C:\Program Files (x86)\Microchip\xc8\v1.36\sources\common\strncmp.c estimated size: 135

C:\Program Files (x86)\Microchip\xc8\v1.36\sources\common\doprnt.c
		_printf        		CODE           	0098	0000	1279

C:\Program Files (x86)\Microchip\xc8\v1.36\sources\common\doprnt.c estimated size: 1279

C:\Program Files (x86)\Microchip\xc8\v1.36\sources\common\isalpha.c
		_isalpha       		CODE           	1314	0000	41

C:\Program Files (x86)\Microchip\xc8\v1.36\sources\common\isalpha.c estimated size: 41

C:\Program Files (x86)\Microchip\xc8\v1.36\sources\common\strstr.c
		_strstr        		CODE           	0D54	0000	135

C:\Program Files (x86)\Microchip\xc8\v1.36\sources\common\strstr.c estimated size: 135

C:\Program Files (x86)\Microchip\xc8\v1.36\sources\common\Umul16.c
		___wmul        		CODE           	1362	0000	39

C:\Program Files (x86)\Microchip\xc8\v1.36\sources\common\Umul16.c estimated size: 39

C:\Program Files (x86)\Microchip\xc8\v1.36\sources\common\lwmod.c
		___lwmod       		CODE           	0F9E	0000	99

C:\Program Files (x86)\Microchip\xc8\v1.36\sources\common\lwmod.c estimated size: 99

shared
		_dpowers       		MEDIUMCONST    	FE9B	0000	11
		__initialization		CODE           	0F3C	0000	89
		_hexpowers     		MEDIUMCONST    	FEA5	0000	9

shared estimated size: 109

mcc_generated_files/eusart1.c
		_EUSART1_Initialize		CODE           	11CE	0000	53
		_putch         		CODE           	14A0	0000	11
		_EUSART1_Read  		CODE           	1202	0000	53
		_EUSART1_Write 		CODE           	112A	0000	59
		_EUSART1_Receive_ISR		CODE           	097A	0000	323
		_EUSART1_Transmit_ISR		CODE           	1292	0000	47
		_read_line     		CODE           	147E	0000	13

mcc_generated_files/eusart1.c estimated size: 559

mcc_generated_files/mcc.c
		_OSCILLATOR_Initialize		CODE           	1462	0000	15
		_SYSTEM_Initialize		CODE           	1422	0000	27

mcc_generated_files/mcc.c estimated size: 42

mcc_generated_files/epwm1.c
		_EPWM1_Initialize		CODE           	1388	0000	33

mcc_generated_files/epwm1.c estimated size: 33

C:\Program Files (x86)\Microchip\xc8\v1.36\sources\common\isdigit.c
		_isdigit       		CODE           	1404	0000	31

C:\Program Files (x86)\Microchip\xc8\v1.36\sources\common\isdigit.c estimated size: 31

C:\Program Files (x86)\Microchip\xc8\v1.36\sources\common\Umul32.c
		___lmul        		CODE           	0ED0	0000	109

C:\Program Files (x86)\Microchip\xc8\v1.36\sources\common\Umul32.c estimated size: 109

C:\Program Files (x86)\Microchip\xc8\v1.36\sources\common\awmod.c
		___awmod       		CODE           	0B88	0000	163

C:\Program Files (x86)\Microchip\xc8\v1.36\sources\common\awmod.c estimated size: 163

main.c
		_getUUID       		CODE           	12EA	0000	43
		_main          		CODE           	0ABC	0000	205
		_InitSensor    		CODE           	12C0	0000	43
		_wait_5ms      		CODE           	10A6	0000	69
		_InitRadio     		CODE           	07DC	0000	415

main.c estimated size: 775

C:\Program Files (x86)\Microchip\xc8\v1.36\sources\common\lwdiv.c
		___lwdiv       		CODE           	1054	0000	83

C:\Program Files (x86)\Microchip\xc8\v1.36\sources\common\lwdiv.c estimated size: 83

soft_i2c.c
		_I2C_SCL_OUT_SET		CODE           	14B2	0000	5
		_I2C_SDA_SET   		CODE           	14B6	0000	5
		_I2C_SDA_READ  		CODE           	148A	0000	13
		_I2C_SDA_CLEAR 		CODE           	14C2	0000	5
		_I2C_Stop      		CODE           	13C8	0000	31
		_I2C_SDA_IN_SET		CODE           	14BE	0000	5
		_I2C_SCL_SET   		CODE           	14C6	0000	5
		_I2C_Init      		CODE           	13A8	0000	33
		_I2C_Write_Byte		CODE           	0E60	0000	113
		_I2C_SCL_CLEAR 		CODE           	14CA	0000	5
		_I2C_Read_Byte 		CODE           	0C2A	0000	155
		_I2C_SDA_OUT_SET		CODE           	14BA	0000	5
		_I2C_Start     		CODE           	1236	0000	47

soft_i2c.c estimated size: 427

