Microchip MPLAB XC8 Compiler V1.36 ()

Linker command line:

-W-3 --edf=C:\Program Files (x86)\Microchip\xc8\v1.36\dat\en_msgs.txt -cs \
  -h+dist/default/production\LoRaPICSensor.X.production.sym \
  --cmf=dist/default/production\LoRaPICSensor.X.production.cmf -z \
  -Q18F26K22 -oC:\Users\Tom\AppData\Local\Temp\s848.2 \
  -Mdist/default/production/LoRaPICSensor.X.production.map -E1 -ver=XC8 \
  -ASTACK=0280h-0f37h -pstack=STACK -ACODE=00h-0FFFFh -ACONST=00h-0FFFFh \
  -ASMALLCONST=01000h-010FFhx240 -AMEDIUMCONST=01000h-0FFFFh \
  -ACOMRAM=01h-05Fh -AABS1=00h-0F37h -ABIGRAM=01h-0F37h \
  -ARAM=060h-0FFh,0100h-01FFhx14,0F00h-0F37h -ABANK0=060h-0FFh \
  -ABANK1=0100h-01FFh -ABANK2=0200h-02FFh -ABANK3=0300h-03FFh \
  -ABANK4=0400h-04FFh -ABANK5=0500h-05FFh -ABANK6=0600h-06FFh \
  -ABANK7=0700h-07FFh -ABANK8=0800h-08FFh -ABANK9=0900h-09FFh \
  -ABANK10=0A00h-0AFFh -ABANK11=0B00h-0BFFh -ABANK12=0C00h-0CFFh \
  -ABANK13=0D00h-0DFFh -ABANK14=0E00h-0EFFh -ABANK15=0F00h-0F37h \
  -ASFR=0F38h-0F5Fh,0F60h-0FFFh \
  -preset_vec=00h,intcode=08h,intcodelo,powerup,init,end_init \
  -pramtop=01000h -psmallconst=SMALLCONST -pmediumconst=MEDIUMCONST \
  -pconst=CONST -AFARRAM=00h-00h -ACONFIG=0300000h-030000Dh -pconfig=CONFIG \
  -AIDLOC=0200000h-0200007h -pidloc=IDLOC -AEEDATA=0F00000h-0F003FFh \
  -peeprom_data=EEDATA \
  -prdata=COMRAM,nvrram=COMRAM,nvbit=COMRAM,rbss=COMRAM,rbit=COMRAM \
  -pfarbss=FARRAM,fardata=FARRAM,nvFARRAM=FARRAM \
  -pintsave_regs=BIGRAM,bigbss=BIGRAM,bigdata=BIGRAM -pbss=RAM \
  -pidata=CODE,irdata=CODE,ibigdata=CODE,ifardata=CODE -prparam=COMRAM \
  C:\Users\Tom\AppData\Local\Temp\s848.obj \
  dist/default/production\LoRaPICSensor.X.production.obj 

Object code version is 3.11

Machine type is 18F26K22

Call graph: (short form)




                Name                               Link     Load   Length Selector   Space Scale
C:\Users\Tom\AppData\Local\Temp\s848.obj
                end_init                             94       94        4        4       0
                reset_vec                             0        0        4        0       0
                idloc                            200000   200000        8   200000       0
                config                           300000   300000        E   300000       0
dist/default/production\LoRaPICSensor.X.production.obj
                intcode                               8        8       8C        4       0
                temp                                 3B       3B        1        1       1
                mediumconst                        FEA2     FEA2      15E     7F51       0
                text50                             16AC     16AC       34        4       0
                text49                             1180     1180       90        4       0
                text48                             15DA     15DA       36        4       0
                text47                             1560     1560       40        4       0
                text46                             1296     1296       86        4       0
                text45                             1210     1210       86        4       0
                text44                              F02      F02      142        4       0
                text43                             173C     173C       2E        4       0
                text41                             1802     1802       20        4       0
                text40                             1678     1678       34        4       0
                text39                             18FA     18FA        A        4       0
                text38                             18CA     18CA        E        4       0
                text37                             1644     1644       34        4       0
                text36                             1924     1924        4        4       0
                text35                             18AA     18AA       12        4       0
                text34                             187C     187C       1A        4       0
                text33                             1920     1920        4        4       0
                text32                             191C     191C        4        4       0
                text31                             1918     1918        4        4       0
                text30                             1914     1914        4        4       0
                text29                             17E2     17E2       20        4       0
                text28                             1910     1910        4        4       0
                text27                             190C     190C        4        4       0
                text26                             1908     1908        4        4       0
                text25                             18E4     18E4        C        4       0
                text24                             10E6     10E6       9A        4       0
                text23                             170E     170E       2E        4       0
                text22                             185E     185E       1E        4       0
                text21                             131C     131C       70        4       0
                text20                             1044     1044       A2        4       0
                text19                             13F8     13F8       5E        4       0
                text18                             1456     1456       5C        4       0
                text17                             15A0     15A0       3A        4       0
                text16                             18F0     18F0        A        4       0
                text15                              A66      A66      256        4       0
                text14                             18D8     18D8        C        4       0
                text13                             16E0     16E0       2E        4       0
                text12                             176A     176A       2A        4       0
                text11                              77A      77A      2EC        4       0
                text10                             138C     138C       6C        4       0
                text9                              150C     150C       54        4       0
                text8                              18BC     18BC        E        4       0
                text7                              1840     1840       1E        4       0
                text6                              1794     1794       28        4       0
                text5                              1822     1822       1E        4       0
                text4                              17BC     17BC       26        4       0
                text3                              1896     1896       14        4       0
                text2                               CBC      CBC      246        4       0
                text1                              1610     1610       34        4       0
                text0                                98       98      6E2        4       0
                cstackCOMRAM                          1        1       2A        1       1
                cstackBANK0                          E0       E0       1F       60       1
                cstackBANK1                         1A8      1A8        D      100       1
                bssBANK2                            200      200       80      200       1
                bssBANK1                            100      100       A8      100       1
                bssBANK0                             60       60       80       60       1
                dataCOMRAM                           36       36        4        1       1
                bssCOMRAM                            2B       2B        B        1       1
                cinit                              14B2     14B2       5A        4       0
                nvCOMRAM                             3A       3A        1        1       1
                idataCOMRAM                        1904     1904        4        4       0

TOTAL           Name                               Link     Load   Length     Space
        CLASS   STACK          

        CLASS   CODE           
                end_init                             94       94        4         0
                intcode                               8        8       8C         0
                reset_vec                             0        0        4         0
                text50                             16AC     16AC       34         0
                text49                             1180     1180       90         0
                text48                             15DA     15DA       36         0
                text47                             1560     1560       40         0
                text46                             1296     1296       86         0
                text45                             1210     1210       86         0
                text44                              F02      F02      142         0
                text43                             173C     173C       2E         0
                text41                             1802     1802       20         0
                text40                             1678     1678       34         0
                text39                             18FA     18FA        A         0
                text38                             18CA     18CA        E         0
                text37                             1644     1644       34         0
                text36                             1924     1924        4         0
                text35                             18AA     18AA       12         0
                text34                             187C     187C       1A         0
                text33                             1920     1920        4         0
                text32                             191C     191C        4         0
                text31                             1918     1918        4         0
                text30                             1914     1914        4         0
                text29                             17E2     17E2       20         0
                text28                             1910     1910        4         0
                text27                             190C     190C        4         0
                text26                             1908     1908        4         0
                text25                             18E4     18E4        C         0
                text24                             10E6     10E6       9A         0
                text23                             170E     170E       2E         0
                text22                             185E     185E       1E         0
                text21                             131C     131C       70         0
                text20                             1044     1044       A2         0
                text19                             13F8     13F8       5E         0
                text18                             1456     1456       5C         0
                text17                             15A0     15A0       3A         0
                text16                             18F0     18F0        A         0
                text15                              A66      A66      256         0
                text14                             18D8     18D8        C         0
                text13                             16E0     16E0       2E         0
                text12                             176A     176A       2A         0
                text11                              77A      77A      2EC         0
                text10                             138C     138C       6C         0
                text9                              150C     150C       54         0
                text8                              18BC     18BC        E         0
                text7                              1840     1840       1E         0
                text6                              1794     1794       28         0
                text5                              1822     1822       1E         0
                text4                              17BC     17BC       26         0
                text3                              1896     1896       14         0
                text2                               CBC      CBC      246         0
                text1                              1610     1610       34         0
                text0                                98       98      6E2         0
                cinit                              14B2     14B2       5A         0
                idataCOMRAM                        1904     1904        4         0

        CLASS   CONST          

        CLASS   SMALLCONST     

        CLASS   MEDIUMCONST    
                mediumconst                        FEA2     FEA2      15E         0

        CLASS   COMRAM         
                temp                                 3B       3B        1         1
                cstackCOMRAM                          1        1       2A         1
                dataCOMRAM                           36       36        4         1
                bssCOMRAM                            2B       2B        B         1
                nvCOMRAM                             3A       3A        1         1

        CLASS   ABS1           

        CLASS   BIGRAM         

        CLASS   RAM            

        CLASS   BANK0          
                cstackBANK0                          E0       E0       1F         1
                bssBANK0                             60       60       80         1

        CLASS   BANK1          
                cstackBANK1                         1A8      1A8        D         1
                bssBANK1                            100      100       A8         1

        CLASS   BANK2          
                bssBANK2                            200      200       80         1

        CLASS   BANK3          

        CLASS   BANK4          

        CLASS   BANK5          

        CLASS   BANK6          

        CLASS   BANK7          

        CLASS   BANK8          

        CLASS   BANK9          

        CLASS   BANK10         

        CLASS   BANK11         

        CLASS   BANK12         

        CLASS   BANK13         

        CLASS   BANK14         

        CLASS   BANK15         

        CLASS   SFR            

        CLASS   FARRAM         

        CLASS   CONFIG         
                config                           300000   300000        E         0

        CLASS   IDLOC          
                idloc                            200000   200000        8         0

        CLASS   EEDATA         



SEGMENTS        Name                           Load    Length   Top    Selector   Space  Class

                reset_vec                      000000  000004  000004         0       0  CODE    
                cstackCOMRAM                   000001  00003B  00003C         1       1  COMRAM  
                intcode                        000008  001920  001928         4       0  CODE    
                bssBANK0                       000060  00009F  0000FF        60       1  BANK0   
                bssBANK1                       000100  0000B5  0001B5       100       1  BANK1   
                bssBANK2                       000200  000080  000280       200       1  BANK2   
                mediumconst                    00FEA2  00015E  010000      7F51       0  MEDIUMCO
                idloc                          200000  000008  200008    200000       0  IDLOC   
                config                         300000  00000E  30000E    300000       0  CONFIG  


UNUSED ADDRESS RANGES

        Name                Unused          Largest block    Delta
        BANK0            0000FF-0000FF                1
        BANK1            0001B5-0001FF               4B
        BANK10           000A00-000AFF              100
        BANK11           000B00-000BFF              100
        BANK12           000C00-000CFF              100
        BANK13           000D00-000DFF              100
        BANK14           000E00-000EFF              100
        BANK15           000F00-000F37               38
        BANK2            000280-0002FF               80
        BANK3            000300-0003FF              100
        BANK4            000400-0004FF              100
        BANK5            000500-0005FF              100
        BANK6            000600-0006FF              100
        BANK7            000700-0007FF              100
        BANK8            000800-0008FF              100
        BANK9            000900-0009FF              100
        BIGRAM           00003C-00005F               24
                         0000FF-0000FF                1
                         0001B5-0001FF               4B
                         000280-000F37              CB8
        CODE             000004-000007                4
                         001928-00FEA1             E57A
        COMRAM           00003C-00005F               24
        CONST            000004-000007                4
                         001928-00FEA1             E57A
        EEDATA           F00000-F003FF              400
        MEDIUMCONST      001928-00FEA1             E57A
        RAM              0000FF-0000FF                1
                         0001B5-0001FF               4B
                         000280-000F37              100
        SFR              000F38-000FFF               28
        SMALLCONST       001928-00FEA1              100
        STACK            000280-000F37              CB8

                                  Symbol Table

?___awmod                            cstackBANK0  0000E8
?___lmul                             cstackBANK0  0000E0
?___lwdiv                            cstackCOMRAM 000025
?___lwmod                            cstackBANK0  0000E3
?_printf                             cstackBANK0  0000E7
?_rand                               cstackCOMRAM 000029
?_strchr                             cstackCOMRAM 000001
?_strcmp                             cstackCOMRAM 000001
?_strlen                             cstackCOMRAM 000001
?_strncmp                            cstackCOMRAM 000007
?_strstr                             cstackCOMRAM 000010
?_strtol                             cstackBANK0  0000E8
EUSART1_Read@readValue               cstackCOMRAM 000001
EUSART1_Receive_ISR@state            cstackCOMRAM 000015
EUSART1_Write@txData                 cstackCOMRAM 000025
Soft_I2C_ReadByte@ack                cstackCOMRAM 000025
Soft_I2C_ReadByte@i                  cstackCOMRAM 000027
Soft_I2C_ReadByte@val                cstackCOMRAM 000026
Soft_I2C_WriteByte@byt               cstackCOMRAM 000025
Soft_I2C_WriteByte@i                 cstackCOMRAM 000026
_ANSELA                              (abs)        000F38
_ANSELB                              (abs)        000F39
_ANSELC                              (abs)        000F3A
_ANSELCbits                          (abs)        000F3A
_BAUDCON1                            (abs)        000FB8
_CCP1CON                             (abs)        000FBD
_CCPR1H                              (abs)        000FBF
_CCPR1L                              (abs)        000FBE
_CCPTMRS0bits                        (abs)        000F49
_ECCP1AS                             (abs)        000FB6
_EPWM1_Initialize                    text41       001802
_EUSART1_Initialize                  text40       001678
_EUSART1_Read                        text50       0016AC
_EUSART1_Receive_ISR                 text44       000F02
_EUSART1_Transmit_ISR                text43       00173C
_EUSART1_Write                       text17       0015A0
_I2C_SCL_CLEAR                       text28       001910
_I2C_SCL_OUT_SET                     text33       001920
_I2C_SCL_SET                         text32       00191C
_I2C_SDA_CLEAR                       text27       00190C
_I2C_SDA_IN_SET                      text26       001908
_I2C_SDA_OUT_SET                     text31       001918
_I2C_SDA_READ                        text25       0018E4
_I2C_SDA_SET                         text30       001914
_INTCON2bits                         (abs)        000FF1
_INTCONbits                          (abs)        000FF2
_INTERRUPT_Initialize                text39       0018FA
_INTERRUPT_InterruptManager          intcode      000008
_IPR1bits                            (abs)        000F9F
_LATA                                (abs)        000F89
_LATB                                (abs)        000F8A
_LATC                                (abs)        000F8B
_LATC3                               (abs)        007C5B
_LATC4                               (abs)        007C5C
_OSCCON                              (abs)        000FD3
_OSCCON2                             (abs)        000FD2
_OSCILLATOR_Initialize               text38       0018CA
_OSCTUNE                             (abs)        000F9B
_PIE1bits                            (abs)        000F9D
_PIN_MANAGER_Initialize              text37       001644
_PIR1bits                            (abs)        000F9E
_PORTCbits                           (abs)        000F82
_PR2                                 (abs)        000FBB
_PSTR1CON                            (abs)        000FB9
_PWM1CON                             (abs)        000FB7
_RCONbits                            (abs)        000FD0
_RCREG1                              (abs)        000FAE
_RCSTA1                              (abs)        000FAB
_RCSTA1bits                          (abs)        000FAB
_SPBRG1                              (abs)        000FAF
_SPBRGH1                             (abs)        000FB0
_SYSTEM_Initialize                   text34       00187C
_Soft_I2C_Init                       text29       0017E2
_Soft_I2C_ReadByte                   text24       0010E6
_Soft_I2C_Start                      text23       00170E
_Soft_I2C_Stop                       text22       00185E
_Soft_I2C_WriteByte                  text21       00131C
_T2CON                               (abs)        000FBA
_T2CONbits                           (abs)        000FBA
_TMR2                                (abs)        000FBC
_TMR2_Initialize                     text35       0018AA
_TMR2_StartTimer                     text36       001924
_TRISA                               (abs)        000F92
_TRISB                               (abs)        000F93
_TRISC                               (abs)        000F94
_TRISC3                              (abs)        007CA3
_TRISC4                              (abs)        007CA4
_TXREG1                              (abs)        000FAD
_TXSTA1                              (abs)        000FAC
_WPUB                                (abs)        000F61
__CFG_BOREN$SBORDIS                  (abs)        000000
__CFG_BORV$190                       (abs)        000000
__CFG_CCP2MX$PORTC1                  (abs)        000000
__CFG_CCP3MX$PORTB5                  (abs)        000000
__CFG_CP0$OFF                        (abs)        000000
__CFG_CP1$OFF                        (abs)        000000
__CFG_CP2$OFF                        (abs)        000000
__CFG_CP3$OFF                        (abs)        000000
__CFG_CPB$OFF                        (abs)        000000
__CFG_CPD$OFF                        (abs)        000000
__CFG_DEBUG$OFF                      (abs)        000000
__CFG_EBTR0$OFF                      (abs)        000000
__CFG_EBTR1$OFF                      (abs)        000000
__CFG_EBTR2$OFF                      (abs)        000000
__CFG_EBTR3$OFF                      (abs)        000000
__CFG_EBTRB$OFF                      (abs)        000000
__CFG_FCMEN$OFF                      (abs)        000000
__CFG_FOSC$INTIO67                   (abs)        000000
__CFG_HFOFST$ON                      (abs)        000000
__CFG_IESO$OFF                       (abs)        000000
__CFG_LVP$OFF                        (abs)        000000
__CFG_MCLRE$EXTMCLR                  (abs)        000000
__CFG_P2BMX$PORTB5                   (abs)        000000
__CFG_PBADEN$ON                      (abs)        000000
__CFG_PLLCFG$OFF                     (abs)        000000
__CFG_PRICLKEN$ON                    (abs)        000000
__CFG_PWRTEN$OFF                     (abs)        000000
__CFG_STVREN$ON                      (abs)        000000
__CFG_T3CMX$PORTC0                   (abs)        000000
__CFG_WDTEN$OFF                      (abs)        000000
__CFG_WDTPS$32768                    (abs)        000000
__CFG_WRT0$OFF                       (abs)        000000
__CFG_WRT1$OFF                       (abs)        000000
__CFG_WRT2$OFF                       (abs)        000000
__CFG_WRT3$OFF                       (abs)        000000
__CFG_WRTB$OFF                       (abs)        000000
__CFG_WRTC$OFF                       (abs)        000000
__CFG_WRTD$OFF                       (abs)        000000
__CFG_XINST$OFF                      (abs)        000000
__HRAM                               (abs)        000000
__Habs1                              abs1         000000
__Hbank0                             bank0        000000
__Hbank1                             bank1        000000
__Hbank10                            bank10       000000
__Hbank11                            bank11       000000
__Hbank12                            bank12       000000
__Hbank13                            bank13       000000
__Hbank14                            bank14       000000
__Hbank15                            bank15       000000
__Hbank2                             bank2        000000
__Hbank3                             bank3        000000
__Hbank4                             bank4        000000
__Hbank5                             bank5        000000
__Hbank6                             bank6        000000
__Hbank7                             bank7        000000
__Hbank8                             bank8        000000
__Hbank9                             bank9        000000
__Hbigbss                            bigbss       000000
__Hbigdata                           bigdata      000000
__Hbigram                            bigram       000000
__Hbss                               bss          000000
__HbssBANK0                          bssBANK0     000000
__HbssBANK1                          bssBANK1     000000
__HbssBANK2                          bssBANK2     000000
__HbssCOMRAM                         bssCOMRAM    000000
__Hcinit                             cinit        000000
__Hclrtext                           clrtext      000000
__Hcomram                            comram       000000
__Hconfig                            config       30000E
__Hconst                             const        000000
__HcstackBANK0                       cstackBANK0  000000
__HcstackBANK1                       cstackBANK1  000000
__HcstackCOMRAM                      cstackCOMRAM 000000
__Hdata                              data         000000
__HdataCOMRAM                        dataCOMRAM   000000
__Heeprom_data                       eeprom_data  000000
__Hend_init                          end_init     000098
__Hfarbss                            farbss       000000
__Hfardata                           fardata      000000
__Hibigdata                          ibigdata     000000
__Hidata                             idata        000000
__HidataCOMRAM                       idataCOMRAM  000000
__Hidloc                             idloc        200008
__Hifardata                          ifardata     000000
__Hinit                              init         000094
__Hintcode                           intcode      000094
__Hintcode_body                      intcode_body 000000
__Hintcodelo                         intcodelo    000094
__Hintentry                          intentry     000000
__Hintret                            intret       000000
__Hintsave_regs                      intsave_regs 000000
__Hirdata                            irdata       000000
__Hmediumconst                       mediumconst  010000
__HnvCOMRAM                          nvCOMRAM     000000
__HnvFARRAM                          nvFARRAM     000000
__Hnvbit                             nvbit        000000
__Hnvrram                            nvrram       000000
__Hparam                             rparam       000000
__Hpowerup                           powerup      000094
__Hram                               ram          000000
__Hramtop                            ramtop       001000
__Hrbit                              rbit         000000
__Hrbss                              rbss         000000
__Hrdata                             rdata        000000
__Hreset_vec                         reset_vec    000004
__Hrparam                            rparam       000000
__Hsfr                               sfr          000000
__Hsmallconst                        smallconst   000000
__Hspace_0                           (abs)        30000E
__Hspace_1                           (abs)        000280
__Hspace_2                           (abs)        000000
__Hstack                             stack        000000
__Hstruct                            struct       000000
__Htemp                              temp         00003C
__Htext                              text         000000
__Htext0                             text0        000000
__Htext1                             text1        000000
__Htext10                            text10       000000
__Htext11                            text11       000000
__Htext12                            text12       000000
__Htext13                            text13       000000
__Htext14                            text14       000000
__Htext15                            text15       000000
__Htext16                            text16       000000
__Htext17                            text17       000000
__Htext18                            text18       000000
__Htext19                            text19       000000
__Htext2                             text2        000000
__Htext20                            text20       000000
__Htext21                            text21       000000
__Htext22                            text22       000000
__Htext23                            text23       000000
__Htext24                            text24       000000
__Htext25                            text25       000000
__Htext26                            text26       000000
__Htext27                            text27       000000
__Htext28                            text28       000000
__Htext29                            text29       000000
__Htext3                             text3        000000
__Htext30                            text30       000000
__Htext31                            text31       000000
__Htext32                            text32       000000
__Htext33                            text33       000000
__Htext34                            text34       000000
__Htext35                            text35       000000
__Htext36                            text36       000000
__Htext37                            text37       000000
__Htext38                            text38       000000
__Htext39                            text39       000000
__Htext4                             text4        000000
__Htext40                            text40       000000
__Htext41                            text41       000000
__Htext43                            text43       000000
__Htext44                            text44       000000
__Htext45                            text45       000000
__Htext46                            text46       000000
__Htext47                            text47       000000
__Htext48                            text48       000000
__Htext49                            text49       000000
__Htext5                             text5        000000
__Htext50                            text50       000000
__Htext6                             text6        000000
__Htext7                             text7        000000
__Htext8                             text8        000000
__Htext9                             text9        000000
__LRAM                               (abs)        000001
__Labs1                              abs1         000000
__Lbank0                             bank0        000000
__Lbank1                             bank1        000000
__Lbank10                            bank10       000000
__Lbank11                            bank11       000000
__Lbank12                            bank12       000000
__Lbank13                            bank13       000000
__Lbank14                            bank14       000000
__Lbank15                            bank15       000000
__Lbank2                             bank2        000000
__Lbank3                             bank3        000000
__Lbank4                             bank4        000000
__Lbank5                             bank5        000000
__Lbank6                             bank6        000000
__Lbank7                             bank7        000000
__Lbank8                             bank8        000000
__Lbank9                             bank9        000000
__Lbigbss                            bigbss       000000
__Lbigdata                           bigdata      000000
__Lbigram                            bigram       000000
__Lbss                               bss          000000
__LbssBANK0                          bssBANK0     000000
__LbssBANK1                          bssBANK1     000000
__LbssBANK2                          bssBANK2     000000
__LbssCOMRAM                         bssCOMRAM    000000
__Lcinit                             cinit        000000
__Lclrtext                           clrtext      000000
__Lcomram                            comram       000000
__Lconfig                            config       300000
__Lconst                             const        000000
__LcstackBANK0                       cstackBANK0  000000
__LcstackBANK1                       cstackBANK1  000000
__LcstackCOMRAM                      cstackCOMRAM 000000
__Ldata                              data         000000
__LdataCOMRAM                        dataCOMRAM   000000
__Leeprom_data                       eeprom_data  000000
__Lend_init                          end_init     000094
__Lfarbss                            farbss       000000
__Lfardata                           fardata      000000
__Libigdata                          ibigdata     000000
__Lidata                             idata        000000
__LidataCOMRAM                       idataCOMRAM  000000
__Lidloc                             idloc        200000
__Lifardata                          ifardata     000000
__Linit                              init         000094
__Lintcode                           intcode      000008
__Lintcode_body                      intcode_body 000000
__Lintcodelo                         intcodelo    000094
__Lintentry                          intentry     000000
__Lintret                            intret       000000
__Lintsave_regs                      intsave_regs 000000
__Lirdata                            irdata       000000
__Lmediumconst                       mediumconst  00FEA2
__LnvCOMRAM                          nvCOMRAM     000000
__LnvFARRAM                          nvFARRAM     000000
__Lnvbit                             nvbit        000000
__Lnvrram                            nvrram       000000
__Lparam                             rparam       000000
__Lpowerup                           powerup      000094
__Lram                               ram          000000
__Lramtop                            ramtop       001000
__Lrbit                              rbit         000000
__Lrbss                              rbss         000000
__Lrdata                             rdata        000000
__Lreset_vec                         reset_vec    000000
__Lrparam                            rparam       000000
__Lsfr                               sfr          000000
__Lsmallconst                        smallconst   000000
__Lspace_0                           (abs)        000000
__Lspace_1                           (abs)        000000
__Lspace_2                           (abs)        000000
__Lstack                             stack        000000
__Lstruct                            struct       000000
__Ltemp                              temp         00003B
__Ltext                              text         000000
__Ltext0                             text0        000000
__Ltext1                             text1        000000
__Ltext10                            text10       000000
__Ltext11                            text11       000000
__Ltext12                            text12       000000
__Ltext13                            text13       000000
__Ltext14                            text14       000000
__Ltext15                            text15       000000
__Ltext16                            text16       000000
__Ltext17                            text17       000000
__Ltext18                            text18       000000
__Ltext19                            text19       000000
__Ltext2                             text2        000000
__Ltext20                            text20       000000
__Ltext21                            text21       000000
__Ltext22                            text22       000000
__Ltext23                            text23       000000
__Ltext24                            text24       000000
__Ltext25                            text25       000000
__Ltext26                            text26       000000
__Ltext27                            text27       000000
__Ltext28                            text28       000000
__Ltext29                            text29       000000
__Ltext3                             text3        000000
__Ltext30                            text30       000000
__Ltext31                            text31       000000
__Ltext32                            text32       000000
__Ltext33                            text33       000000
__Ltext34                            text34       000000
__Ltext35                            text35       000000
__Ltext36                            text36       000000
__Ltext37                            text37       000000
__Ltext38                            text38       000000
__Ltext39                            text39       000000
__Ltext4                             text4        000000
__Ltext40                            text40       000000
__Ltext41                            text41       000000
__Ltext43                            text43       000000
__Ltext44                            text44       000000
__Ltext45                            text45       000000
__Ltext46                            text46       000000
__Ltext47                            text47       000000
__Ltext48                            text48       000000
__Ltext49                            text49       000000
__Ltext5                             text5        000000
__Ltext50                            text50       000000
__Ltext6                             text6        000000
__Ltext7                             text7        000000
__Ltext8                             text8        000000
__Ltext9                             text9        000000
__S0                                 (abs)        30000E
__S1                                 (abs)        000280
__S2                                 (abs)        000000
___awmod                             text20       001044
___awmod@counter                     cstackBANK0  0000EC
___awmod@dividend                    cstackBANK0  0000E8
___awmod@divisor                     cstackBANK0  0000EA
___awmod@sign                        cstackBANK0  0000ED
___inthi_sp                          stack        000000
___intlo_sp                          stack        000000
___lmul                              text10       00138C
___lmul@multiplicand                 cstackBANK0  0000E4
___lmul@multiplier                   cstackBANK0  0000E0
___lmul@product                      cstackCOMRAM 000025
___lwdiv                             text19       0013F8
___lwdiv@counter                     cstackBANK0  0000E0
___lwdiv@dividend                    cstackCOMRAM 000025
___lwdiv@divisor                     cstackCOMRAM 000027
___lwdiv@quotient                    cstackBANK0  0000E1
___lwmod                             text18       001456
___lwmod@counter                     cstackCOMRAM 000029
___lwmod@dividend                    cstackBANK0  0000E3
___lwmod@divisor                     cstackBANK0  0000E5
___param_bank                        (abs)        000010
___rparam_used                       (abs)        000001
___sp                                stack        000000
__accesstop                          (abs)        000060
__activetblptr                       (abs)        000003
__end_of_EPWM1_Initialize            text41       001822
__end_of_EUSART1_Initialize          text40       0016AC
__end_of_EUSART1_Read                text50       0016E0
__end_of_EUSART1_Receive_ISR         text44       001044
__end_of_EUSART1_Transmit_ISR        text43       00176A
__end_of_EUSART1_Write               text17       0015DA
__end_of_I2C_SCL_CLEAR               text28       001914
__end_of_I2C_SCL_OUT_SET             text33       001924
__end_of_I2C_SCL_SET                 text32       001920
__end_of_I2C_SDA_CLEAR               text27       001910
__end_of_I2C_SDA_IN_SET              text26       00190C
__end_of_I2C_SDA_OUT_SET             text31       00191C
__end_of_I2C_SDA_READ                text25       0018F0
__end_of_I2C_SDA_SET                 text30       001918
__end_of_INTERRUPT_Initialize        text39       001904
__end_of_INTERRUPT_InterruptManager  intcode      000094
__end_of_OSCILLATOR_Initialize       text38       0018D8
__end_of_PIN_MANAGER_Initialize      text37       001678
__end_of_SYSTEM_Initialize           text34       001896
__end_of_Soft_I2C_Init               text29       001802
__end_of_Soft_I2C_ReadByte           text24       001180
__end_of_Soft_I2C_Start              text23       00173C
__end_of_Soft_I2C_Stop               text22       00187C
__end_of_Soft_I2C_WriteByte          text21       00138C
__end_of_TMR2_Initialize             text35       0018BC
__end_of_TMR2_StartTimer             text36       001928
__end_of___awmod                     text20       0010E6
__end_of___lmul                      text10       0013F8
__end_of___lwdiv                     text19       001456
__end_of___lwmod                     text18       0014B2
__end_of__initialization             cinit        001502
__end_of_dpowers                     mediumconst  00FEAD
__end_of_getUUID                     text12       001794
__end_of_hexpowers                   mediumconst  00FEB5
__end_of_isalpha                     text6        0017BC
__end_of_isdigit                     text5        001840
__end_of_isspace                     text4        0017E2
__end_of_isupper                     text7        00185E
__end_of_main                        text0        00077A
__end_of_printf                      text15       000CBC
__end_of_process_data_opt            text11       000A66
__end_of_putch                       text16       0018FA
__end_of_rand                        text9        001560
__end_of_read_line                   text14       0018E4
__end_of_srand                       text8        0018CA
__end_of_strchr                      text48       001610
__end_of_strcmp                      text49       001210
__end_of_strcpy                      text13       00170E
__end_of_strlen                      text47       0015A0
__end_of_strncmp                     text46       00131C
__end_of_strstr                      text45       001296
__end_of_strtol                      text2        000F02
__end_of_toupper                     text3        0018AA
__end_of_wait_5ms                    text1        001644
__initialization                     cinit        0014B2
__mediumconst                        mediumconst  00FEA2
__pbssBANK0                          bssBANK0     000060
__pbssBANK1                          bssBANK1     000100
__pbssBANK2                          bssBANK2     000200
__pbssCOMRAM                         bssCOMRAM    00002B
__pcinit                             cinit        0014B2
__pcstackBANK0                       cstackBANK0  0000E0
__pcstackBANK1                       cstackBANK1  0001A8
__pcstackCOMRAM                      cstackCOMRAM 000001
__pdataCOMRAM                        dataCOMRAM   000036
__pidataCOMRAM                       idataCOMRAM  001904
__pintcode                           intcode      000008
__pmediumconst                       mediumconst  00FEA2
__pnvCOMRAM                          nvCOMRAM     00003A
__ptext0                             text0        000098
__ptext1                             text1        001610
__ptext10                            text10       00138C
__ptext11                            text11       00077A
__ptext12                            text12       00176A
__ptext13                            text13       0016E0
__ptext14                            text14       0018D8
__ptext15                            text15       000A66
__ptext16                            text16       0018F0
__ptext17                            text17       0015A0
__ptext18                            text18       001456
__ptext19                            text19       0013F8
__ptext2                             text2        000CBC
__ptext20                            text20       001044
__ptext21                            text21       00131C
__ptext22                            text22       00185E
__ptext23                            text23       00170E
__ptext24                            text24       0010E6
__ptext25                            text25       0018E4
__ptext26                            text26       001908
__ptext27                            text27       00190C
__ptext28                            text28       001910
__ptext29                            text29       0017E2
__ptext3                             text3        001896
__ptext30                            text30       001914
__ptext31                            text31       001918
__ptext32                            text32       00191C
__ptext33                            text33       001920
__ptext34                            text34       00187C
__ptext35                            text35       0018AA
__ptext36                            text36       001924
__ptext37                            text37       001644
__ptext38                            text38       0018CA
__ptext39                            text39       0018FA
__ptext4                             text4        0017BC
__ptext40                            text40       001678
__ptext41                            text41       001802
__ptext43                            text43       00173C
__ptext44                            text44       000F02
__ptext45                            text45       001210
__ptext46                            text46       001296
__ptext47                            text47       001560
__ptext48                            text48       0015DA
__ptext49                            text49       001180
__ptext5                             text5        001822
__ptext50                            text50       0016AC
__ptext6                             text6        001794
__ptext7                             text7        001840
__ptext8                             text8        0018BC
__ptext9                             text9        00150C
__ramtop                             ramtop       001000
__size_of_EPWM1_Initialize           (abs)        000000
__size_of_EUSART1_Initialize         (abs)        000000
__size_of_EUSART1_Read               (abs)        000000
__size_of_EUSART1_Receive_ISR        (abs)        000000
__size_of_EUSART1_Transmit_ISR       (abs)        000000
__size_of_EUSART1_Write              (abs)        000000
__size_of_I2C_SCL_CLEAR              (abs)        000000
__size_of_I2C_SCL_OUT_SET            (abs)        000000
__size_of_I2C_SCL_SET                (abs)        000000
__size_of_I2C_SDA_CLEAR              (abs)        000000
__size_of_I2C_SDA_IN_SET             (abs)        000000
__size_of_I2C_SDA_OUT_SET            (abs)        000000
__size_of_I2C_SDA_READ               (abs)        000000
__size_of_I2C_SDA_SET                (abs)        000000
__size_of_INTERRUPT_Initialize       (abs)        000000
__size_of_INTERRUPT_InterruptManager (abs)        000000
__size_of_OSCILLATOR_Initialize      (abs)        000000
__size_of_PIN_MANAGER_Initialize     (abs)        000000
__size_of_SYSTEM_Initialize          (abs)        000000
__size_of_Soft_I2C_Init              (abs)        000000
__size_of_Soft_I2C_ReadByte          (abs)        000000
__size_of_Soft_I2C_Start             (abs)        000000
__size_of_Soft_I2C_Stop              (abs)        000000
__size_of_Soft_I2C_WriteByte         (abs)        000000
__size_of_TMR2_Initialize            (abs)        000000
__size_of_TMR2_StartTimer            (abs)        000000
__size_of___awmod                    (abs)        000000
__size_of___lmul                     (abs)        000000
__size_of___lwdiv                    (abs)        000000
__size_of___lwmod                    (abs)        000000
__size_of_getUUID                    (abs)        000000
__size_of_isalpha                    (abs)        000000
__size_of_isdigit                    (abs)        000000
__size_of_isspace                    (abs)        000000
__size_of_isupper                    (abs)        000000
__size_of_main                       (abs)        000000
__size_of_printf                     (abs)        000000
__size_of_process_data_opt           (abs)        000000
__size_of_putch                      (abs)        000000
__size_of_rand                       (abs)        000000
__size_of_read_line                  (abs)        000000
__size_of_srand                      (abs)        000000
__size_of_strchr                     (abs)        000000
__size_of_strcmp                     (abs)        000000
__size_of_strcpy                     (abs)        000000
__size_of_strlen                     (abs)        000000
__size_of_strncmp                    (abs)        000000
__size_of_strstr                     (abs)        000000
__size_of_strtol                     (abs)        000000
__size_of_toupper                    (abs)        000000
__size_of_wait_5ms                   (abs)        000000
__smallconst                         smallconst   000000
_dpowers                             mediumconst  00FEA3
_eusart1RxBuffer                     bssBANK2     000200
_eusart1RxCount                      bssCOMRAM    00002D
_eusart1RxHead                       bssCOMRAM    00002E
_eusart1RxTail                       bssCOMRAM    00002F
_eusart1TxBuffer                     bssBANK1     000100
_eusart1TxBufferRemaining            nvCOMRAM     00003A
_eusart1TxHead                       bssCOMRAM    000030
_eusart1TxTail                       bssCOMRAM    000031
_getUUID                             text12       00176A
_hexpowers                           mediumconst  00FEAD
_inc                                 bssCOMRAM    000032
_index                               bssCOMRAM    00002B
_isalpha                             text6        001794
_isalpha$1477                        cstackCOMRAM 000029
_isdigit                             text5        001822
_isdigit$1480                        cstackCOMRAM 000026
_isspace                             text4        0017BC
_isspace$1483                        cstackCOMRAM 000026
_isupper                             text7        001840
_isupper$1486                        cstackCOMRAM 000026
_line                                bssBANK0     000060
_main                                text0        000098
_printf                              text15       000A66
_process_data_opt                    text11       00077A
_putch                               text16       0018F0
_rand                                text9        00150C
_randx                               dataCOMRAM   000036
_read_line                           text14       0018D8
_ready                               bssCOMRAM    000033
_srand                               text8        0018BC
_strchr                              text48       0015DA
_strcmp                              text49       001180
_strcpy                              text13       0016E0
_strlen                              text47       001560
_strncmp                             text46       001296
_strstr                              text45       001210
_strtol                              text2        000CBC
_toupper                             text3        001896
_uartState                           bssCOMRAM    000034
_uuid                                bssBANK1     000180
_val                                 bssCOMRAM    000035
_wait_5ms                            text1        001610
btemp                                temp         00003B
end_of_initialization                cinit        001502
int$flags                            temp         00003B
intlevel0                            text         000000
intlevel1                            text         000000
intlevel2                            text         000000
intlevel3                            text         000000
isalpha@c                            cstackCOMRAM 00002A
isdigit@c                            cstackCOMRAM 000027
isspace@c                            cstackCOMRAM 000027
isupper@c                            cstackCOMRAM 000027
main@delay                           cstackBANK0  0000FB
main@lsb                             cstackBANK0  0000FE
main@msb                             cstackBANK0  0000FD
printf@ap                            cstackBANK0  0000EE
printf@c                             cstackBANK0  0000F4
printf@f                             cstackBANK0  0000E7
printf@flag                          cstackBANK0  0000F1
printf@idx                           cstackBANK0  0000ED
printf@prec                          cstackBANK0  0000F0
printf@val                           cstackBANK0  0000F2
process_data_opt@Illumination        cstackBANK1  0001AD
process_data_opt@exponent            cstackBANK1  0001A9
process_data_opt@lsb                 cstackBANK0  0000F5
process_data_opt@msb                 cstackBANK1  0001A8
process_data_opt@raw                 cstackBANK1  0001AB
process_data_opt@result              cstackBANK1  0001B1
putch@txData                         cstackCOMRAM 000026
srand@x                              cstackBANK0  0000F8
stackhi                              (abs)        000F37
stacklo                              (abs)        000280
start                                init         000094
start_initialization                 cinit        0014B2
strchr@chr                           cstackCOMRAM 000003
strchr@ptr                           cstackCOMRAM 000001
strcmp@r                             cstackCOMRAM 000006
strcmp@s1                            cstackCOMRAM 000001
strcmp@s2                            cstackCOMRAM 000003
strcpy@cp                            cstackCOMRAM 000029
strcpy@from                          cstackCOMRAM 000027
strcpy@to                            cstackCOMRAM 000025
strlen@cp                            cstackCOMRAM 000005
strlen@s                             cstackCOMRAM 000001
strncmp@len                          cstackCOMRAM 00000B
strncmp@s1                           cstackCOMRAM 000007
strncmp@s2                           cstackCOMRAM 000009
strstr@s1                            cstackCOMRAM 000010
strstr@s2                            cstackCOMRAM 000012
strtol@a                             cstackBANK0  0000F3
strtol@base                          cstackBANK0  0000EC
strtol@c                             cstackBANK0  0000F7
strtol@endptr                        cstackBANK0  0000EA
strtol@s                             cstackBANK0  0000E8
strtol@sign                          cstackBANK0  0000F2
toupper@c                            cstackCOMRAM 000025
wait_5ms@i                           cstackCOMRAM 00002A
wait_5ms@j                           cstackCOMRAM 000025


FUNCTION INFORMATION:

 *************** function _main *****************
 Defined at:
		line 111 in file "main.c"
 Parameters:    Size  Location     Type
		None
 Auto vars:     Size  Location     Type
  lsb             1   30[BANK0 ] unsigned char 
  msb             1   29[BANK0 ] unsigned char 
  delay           2   27[BANK0 ] int 
 Return value:  Size  Location     Type
                  1    wreg      void 
 Registers used:
		wreg, fsr1l, fsr1h, fsr2l, fsr2h, status,2, status,0, tblptrl, tblptrh, tblptru, prodl, prodh, cstack
 Tracked objects:
		On entry : 
		On exit  : 
		Unchanged: 
 Data sizes:     COMRAM   BANK0   BANK1   BANK2   BANK3   BANK4   BANK5   BANK6   BANK7   BANK8   BANK9  BANK10  BANK11  BANK12  BANK13  BANK14  BANK15
      Params:         0       0       0       0       0       0       0       0       0       0       0       0       0       0       0       0       0
      Locals:         0       4       0       0       0       0       0       0       0       0       0       0       0       0       0       0       0
      Temps:          0       1       0       0       0       0       0       0       0       0       0       0       0       0       0       0       0
      Totals:         0       5       0       0       0       0       0       0       0       0       0       0       0       0       0       0       0
Total ram usage:        5 bytes
 Hardware stack levels required when called:    8
 This function calls:
		_SYSTEM_Initialize
		_Soft_I2C_Init
		_Soft_I2C_ReadByte
		_Soft_I2C_Start
		_Soft_I2C_Stop
		_Soft_I2C_WriteByte
		___awmod
		_getUUID
		_printf
		_process_data_opt
		_rand
		_read_line
		_srand
		_strtol
		_wait_5ms
 This function is called by:
		Startup code after reset
 This function uses a non-reentrant model


 *************** function _wait_5ms *****************
 Defined at:
		line 42 in file "main.c"
 Parameters:    Size  Location     Type
  j               2   36[COMRAM] int 
 Auto vars:     Size  Location     Type
  i               1   41[COMRAM] unsigned char 
 Return value:  Size  Location     Type
                  1    wreg      void 
 Registers used:
		wreg, status,2, status,0
 Tracked objects:
		On entry : 
		On exit  : 
		Unchanged: 
 Data sizes:     COMRAM   BANK0   BANK1   BANK2   BANK3   BANK4   BANK5   BANK6   BANK7   BANK8   BANK9  BANK10  BANK11  BANK12  BANK13  BANK14  BANK15
      Params:         2       0       0       0       0       0       0       0       0       0       0       0       0       0       0       0       0
      Locals:         1       0       0       0       0       0       0       0       0       0       0       0       0       0       0       0       0
      Temps:          3       0       0       0       0       0       0       0       0       0       0       0       0       0       0       0       0
      Totals:         6       0       0       0       0       0       0       0       0       0       0       0       0       0       0       0       0
Total ram usage:        6 bytes
 Hardware stack levels used:    1
 Hardware stack levels required when called:    4
 This function calls:
		Nothing
 This function is called by:
		_main
 This function uses a non-reentrant model


 *************** function _strtol *****************
 Defined at:
		line 5 in file "C:\Program Files (x86)\Microchip\xc8\v1.36\sources\common\strtol.c"
 Parameters:    Size  Location     Type
  s               2    8[BANK0 ] PTR const unsigned char 
		 -> uuid(40), 
  endptr          2   10[BANK0 ] PTR PTR unsigned char 
		 -> NULL(0), 
  base            2   12[BANK0 ] int 
 Auto vars:     Size  Location     Type
  a               4   19[BANK0 ] long 
  c               1   23[BANK0 ] unsigned char 
  sign            1   18[BANK0 ] unsigned char 
 Return value:  Size  Location     Type
                  4    8[BANK0 ] long 
 Registers used:
		wreg, fsr2l, fsr2h, status,2, status,0, cstack
 Tracked objects:
		On entry : 
		On exit  : 
		Unchanged: 
 Data sizes:     COMRAM   BANK0   BANK1   BANK2   BANK3   BANK4   BANK5   BANK6   BANK7   BANK8   BANK9  BANK10  BANK11  BANK12  BANK13  BANK14  BANK15
      Params:         0       6       0       0       0       0       0       0       0       0       0       0       0       0       0       0       0
      Locals:         0       6       0       0       0       0       0       0       0       0       0       0       0       0       0       0       0
      Temps:          0       4       0       0       0       0       0       0       0       0       0       0       0       0       0       0       0
      Totals:         0      16       0       0       0       0       0       0       0       0       0       0       0       0       0       0       0
Total ram usage:       16 bytes
 Hardware stack levels used:    1
 Hardware stack levels required when called:    6
 This function calls:
		___lmul
		_isalpha
		_isdigit
		_isspace
		_toupper
 This function is called by:
		_main
 This function uses a non-reentrant model


 *************** function _toupper *****************
 Defined at:
		line 5 in file "C:\Program Files (x86)\Microchip\xc8\v1.36\sources\common\toupper.c"
 Parameters:    Size  Location     Type
  c               1    wreg     unsigned char 
 Auto vars:     Size  Location     Type
  c               1   36[COMRAM] unsigned char 
 Return value:  Size  Location     Type
                  1    wreg      unsigned char 
 Registers used:
		wreg, status,2, status,0
 Tracked objects:
		On entry : 
		On exit  : 
		Unchanged: 
 Data sizes:     COMRAM   BANK0   BANK1   BANK2   BANK3   BANK4   BANK5   BANK6   BANK7   BANK8   BANK9  BANK10  BANK11  BANK12  BANK13  BANK14  BANK15
      Params:         0       0       0       0       0       0       0       0       0       0       0       0       0       0       0       0       0
      Locals:         1       0       0       0       0       0       0       0       0       0       0       0       0       0       0       0       0
      Temps:          0       0       0       0       0       0       0       0       0       0       0       0       0       0       0       0       0
      Totals:         1       0       0       0       0       0       0       0       0       0       0       0       0       0       0       0       0
Total ram usage:        1 bytes
 Hardware stack levels used:    1
 Hardware stack levels required when called:    4
 This function calls:
		Nothing
 This function is called by:
		_strtol
 This function uses a non-reentrant model


 *************** function _isspace *****************
 Defined at:
		line 8 in file "C:\Program Files (x86)\Microchip\xc8\v1.36\sources\common\isspace.c"
 Parameters:    Size  Location     Type
  c               1    wreg     unsigned char 
 Auto vars:     Size  Location     Type
  c               1   38[COMRAM] unsigned char 
 Return value:  Size  Location     Type
		None               void
 Registers used:
		wreg, status,2, status,0
 Tracked objects:
		On entry : 
		On exit  : 
		Unchanged: 
 Data sizes:     COMRAM   BANK0   BANK1   BANK2   BANK3   BANK4   BANK5   BANK6   BANK7   BANK8   BANK9  BANK10  BANK11  BANK12  BANK13  BANK14  BANK15
      Params:         0       0       0       0       0       0       0       0       0       0       0       0       0       0       0       0       0
      Locals:         2       0       0       0       0       0       0       0       0       0       0       0       0       0       0       0       0
      Temps:          1       0       0       0       0       0       0       0       0       0       0       0       0       0       0       0       0
      Totals:         3       0       0       0       0       0       0       0       0       0       0       0       0       0       0       0       0
Total ram usage:        3 bytes
 Hardware stack levels used:    1
 Hardware stack levels required when called:    4
 This function calls:
		Nothing
 This function is called by:
		_strtol
 This function uses a non-reentrant model


 *************** function _isdigit *****************
 Defined at:
		line 8 in file "C:\Program Files (x86)\Microchip\xc8\v1.36\sources\common\isdigit.c"
 Parameters:    Size  Location     Type
  c               1    wreg     unsigned char 
 Auto vars:     Size  Location     Type
  c               1   38[COMRAM] unsigned char 
 Return value:  Size  Location     Type
		None               void
 Registers used:
		wreg, status,2, status,0
 Tracked objects:
		On entry : 
		On exit  : 
		Unchanged: 
 Data sizes:     COMRAM   BANK0   BANK1   BANK2   BANK3   BANK4   BANK5   BANK6   BANK7   BANK8   BANK9  BANK10  BANK11  BANK12  BANK13  BANK14  BANK15
      Params:         0       0       0       0       0       0       0       0       0       0       0       0       0       0       0       0       0
      Locals:         2       0       0       0       0       0       0       0       0       0       0       0       0       0       0       0       0
      Temps:          1       0       0       0       0       0       0       0       0       0       0       0       0       0       0       0       0
      Totals:         3       0       0       0       0       0       0       0       0       0       0       0       0       0       0       0       0
Total ram usage:        3 bytes
 Hardware stack levels used:    1
 Hardware stack levels required when called:    4
 This function calls:
		Nothing
 This function is called by:
		_strtol
 This function uses a non-reentrant model


 *************** function _isalpha *****************
 Defined at:
		line 8 in file "C:\Program Files (x86)\Microchip\xc8\v1.36\sources\common\isalpha.c"
 Parameters:    Size  Location     Type
  c               1    wreg     unsigned char 
 Auto vars:     Size  Location     Type
  c               1   41[COMRAM] unsigned char 
 Return value:  Size  Location     Type
		None               void
 Registers used:
		wreg, status,2, status,0, cstack
 Tracked objects:
		On entry : 
		On exit  : 
		Unchanged: 
 Data sizes:     COMRAM   BANK0   BANK1   BANK2   BANK3   BANK4   BANK5   BANK6   BANK7   BANK8   BANK9  BANK10  BANK11  BANK12  BANK13  BANK14  BANK15
      Params:         0       0       0       0       0       0       0       0       0       0       0       0       0       0       0       0       0
      Locals:         2       0       0       0       0       0       0       0       0       0       0       0       0       0       0       0       0
      Temps:          1       0       0       0       0       0       0       0       0       0       0       0       0       0       0       0       0
      Totals:         3       0       0       0       0       0       0       0       0       0       0       0       0       0       0       0       0
Total ram usage:        3 bytes
 Hardware stack levels used:    1
 Hardware stack levels required when called:    5
 This function calls:
		_isupper
 This function is called by:
		_strtol
 This function uses a non-reentrant model


 *************** function _isupper *****************
 Defined at:
		line 8 in file "C:\Program Files (x86)\Microchip\xc8\v1.36\sources\common\isupper.c"
 Parameters:    Size  Location     Type
  c               1    wreg     unsigned char 
 Auto vars:     Size  Location     Type
  c               1   38[COMRAM] unsigned char 
 Return value:  Size  Location     Type
		None               void
 Registers used:
		wreg, status,2, status,0
 Tracked objects:
		On entry : 
		On exit  : 
		Unchanged: 
 Data sizes:     COMRAM   BANK0   BANK1   BANK2   BANK3   BANK4   BANK5   BANK6   BANK7   BANK8   BANK9  BANK10  BANK11  BANK12  BANK13  BANK14  BANK15
      Params:         0       0       0       0       0       0       0       0       0       0       0       0       0       0       0       0       0
      Locals:         2       0       0       0       0       0       0       0       0       0       0       0       0       0       0       0       0
      Temps:          1       0       0       0       0       0       0       0       0       0       0       0       0       0       0       0       0
      Totals:         3       0       0       0       0       0       0       0       0       0       0       0       0       0       0       0       0
Total ram usage:        3 bytes
 Hardware stack levels used:    1
 Hardware stack levels required when called:    4
 This function calls:
		Nothing
 This function is called by:
		_isalpha
 This function uses a non-reentrant model


 *************** function _srand *****************
 Defined at:
		line 6 in file "C:\Program Files (x86)\Microchip\xc8\v1.36\sources\common\rand.c"
 Parameters:    Size  Location     Type
  x               2   24[BANK0 ] unsigned int 
 Auto vars:     Size  Location     Type
		None
 Return value:  Size  Location     Type
                  1    wreg      void 
 Registers used:
		status,2
 Tracked objects:
		On entry : 
		On exit  : 
		Unchanged: 
 Data sizes:     COMRAM   BANK0   BANK1   BANK2   BANK3   BANK4   BANK5   BANK6   BANK7   BANK8   BANK9  BANK10  BANK11  BANK12  BANK13  BANK14  BANK15
      Params:         0       2       0       0       0       0       0       0       0       0       0       0       0       0       0       0       0
      Locals:         0       0       0       0       0       0       0       0       0       0       0       0       0       0       0       0       0
      Temps:          0       0       0       0       0       0       0       0       0       0       0       0       0       0       0       0       0
      Totals:         0       2       0       0       0       0       0       0       0       0       0       0       0       0       0       0       0
Total ram usage:        2 bytes
 Hardware stack levels used:    1
 Hardware stack levels required when called:    4
 This function calls:
		Nothing
 This function is called by:
		_main
 This function uses a non-reentrant model


 *************** function _rand *****************
 Defined at:
		line 12 in file "C:\Program Files (x86)\Microchip\xc8\v1.36\sources\common\rand.c"
 Parameters:    Size  Location     Type
		None
 Auto vars:     Size  Location     Type
		None
 Return value:  Size  Location     Type
                  2   40[COMRAM] int 
 Registers used:
		wreg, status,2, status,0, cstack
 Tracked objects:
		On entry : 
		On exit  : 
		Unchanged: 
 Data sizes:     COMRAM   BANK0   BANK1   BANK2   BANK3   BANK4   BANK5   BANK6   BANK7   BANK8   BANK9  BANK10  BANK11  BANK12  BANK13  BANK14  BANK15
      Params:         2       0       0       0       0       0       0       0       0       0       0       0       0       0       0       0       0
      Locals:         0       0       0       0       0       0       0       0       0       0       0       0       0       0       0       0       0
      Temps:          0       0       0       0       0       0       0       0       0       0       0       0       0       0       0       0       0
      Totals:         2       0       0       0       0       0       0       0       0       0       0       0       0       0       0       0       0
Total ram usage:        2 bytes
 Hardware stack levels used:    1
 Hardware stack levels required when called:    5
 This function calls:
		___lmul
 This function is called by:
		_main
 This function uses a non-reentrant model


 *************** function ___lmul *****************
 Defined at:
		line 15 in file "C:\Program Files (x86)\Microchip\xc8\v1.36\sources\common\Umul32.c"
 Parameters:    Size  Location     Type
  multiplier      4    0[BANK0 ] unsigned long 
  multiplicand    4    4[BANK0 ] unsigned long 
 Auto vars:     Size  Location     Type
  product         4   36[COMRAM] unsigned long 
 Return value:  Size  Location     Type
                  4    0[BANK0 ] unsigned long 
 Registers used:
		wreg, status,2, status,0
 Tracked objects:
		On entry : 
		On exit  : 
		Unchanged: 
 Data sizes:     COMRAM   BANK0   BANK1   BANK2   BANK3   BANK4   BANK5   BANK6   BANK7   BANK8   BANK9  BANK10  BANK11  BANK12  BANK13  BANK14  BANK15
      Params:         0       8       0       0       0       0       0       0       0       0       0       0       0       0       0       0       0
      Locals:         4       0       0       0       0       0       0       0       0       0       0       0       0       0       0       0       0
      Temps:          0       0       0       0       0       0       0       0       0       0       0       0       0       0       0       0       0
      Totals:         4       8       0       0       0       0       0       0       0       0       0       0       0       0       0       0       0
Total ram usage:       12 bytes
 Hardware stack levels used:    1
 Hardware stack levels required when called:    4
 This function calls:
		Nothing
 This function is called by:
		_rand
		_strtol
 This function uses a non-reentrant model


 *************** function _process_data_opt *****************
 Defined at:
		line 56 in file "main.c"
 Parameters:    Size  Location     Type
  msb             1    wreg     unsigned char 
  lsb             1   21[BANK0 ] unsigned char 
 Auto vars:     Size  Location     Type
  msb             1    0[BANK1 ] unsigned char 
  result          4    9[BANK1 ] unsigned long 
  Illumination    4    5[BANK1 ] unsigned long 
  raw             2    3[BANK1 ] int 
  exponent        2    1[BANK1 ] unsigned int 
 Return value:  Size  Location     Type
                  1    wreg      void 
 Registers used:
		wreg, fsr2l, fsr2h, status,2, status,0, tblptrl, tblptrh, tblptru, prodl, prodh, cstack
 Tracked objects:
		On entry : 
		On exit  : 
		Unchanged: 
 Data sizes:     COMRAM   BANK0   BANK1   BANK2   BANK3   BANK4   BANK5   BANK6   BANK7   BANK8   BANK9  BANK10  BANK11  BANK12  BANK13  BANK14  BANK15
      Params:         0       1       0       0       0       0       0       0       0       0       0       0       0       0       0       0       0
      Locals:         0       0      13       0       0       0       0       0       0       0       0       0       0       0       0       0       0
      Temps:          0       4       0       0       0       0       0       0       0       0       0       0       0       0       0       0       0
      Totals:         0       5      13       0       0       0       0       0       0       0       0       0       0       0       0       0       0
Total ram usage:       18 bytes
 Hardware stack levels used:    1
 Hardware stack levels required when called:    7
 This function calls:
		_printf
 This function is called by:
		_main
 This function uses a non-reentrant model


 *************** function _getUUID *****************
 Defined at:
		line 50 in file "main.c"
 Parameters:    Size  Location     Type
		None
 Auto vars:     Size  Location     Type
		None
 Return value:  Size  Location     Type
                  1    wreg      void 
 Registers used:
		wreg, fsr1l, fsr1h, fsr2l, fsr2h, status,2, status,0, tblptrl, tblptrh, tblptru, prodl, prodh, cstack
 Tracked objects:
		On entry : 
		On exit  : 
		Unchanged: 
 Data sizes:     COMRAM   BANK0   BANK1   BANK2   BANK3   BANK4   BANK5   BANK6   BANK7   BANK8   BANK9  BANK10  BANK11  BANK12  BANK13  BANK14  BANK15
      Params:         0       0       0       0       0       0       0       0       0       0       0       0       0       0       0       0       0
      Locals:         0       0       0       0       0       0       0       0       0       0       0       0       0       0       0       0       0
      Temps:          0       0       0       0       0       0       0       0       0       0       0       0       0       0       0       0       0
      Totals:         0       0       0       0       0       0       0       0       0       0       0       0       0       0       0       0       0
Total ram usage:        0 bytes
 Hardware stack levels used:    1
 Hardware stack levels required when called:    7
 This function calls:
		_printf
		_read_line
		_strcpy
 This function is called by:
		_main
 This function uses a non-reentrant model


 *************** function _strcpy *****************
 Defined at:
		line 8 in file "C:\Program Files (x86)\Microchip\xc8\v1.36\sources\common\strcpy.c"
 Parameters:    Size  Location     Type
  to              2   36[COMRAM] PTR unsigned char 
		 -> uuid(40), 
  from            2   38[COMRAM] PTR const unsigned char 
		 -> line(128), 
 Auto vars:     Size  Location     Type
  cp              2   40[COMRAM] PTR unsigned char 
		 -> uuid(40), 
 Return value:  Size  Location     Type
                  2   36[COMRAM] PTR unsigned char 
 Registers used:
		wreg, fsr1l, fsr1h, fsr2l, fsr2h, status,2, status,0
 Tracked objects:
		On entry : 
		On exit  : 
		Unchanged: 
 Data sizes:     COMRAM   BANK0   BANK1   BANK2   BANK3   BANK4   BANK5   BANK6   BANK7   BANK8   BANK9  BANK10  BANK11  BANK12  BANK13  BANK14  BANK15
      Params:         4       0       0       0       0       0       0       0       0       0       0       0       0       0       0       0       0
      Locals:         2       0       0       0       0       0       0       0       0       0       0       0       0       0       0       0       0
      Temps:          0       0       0       0       0       0       0       0       0       0       0       0       0       0       0       0       0
      Totals:         6       0       0       0       0       0       0       0       0       0       0       0       0       0       0       0       0
Total ram usage:        6 bytes
 Hardware stack levels used:    1
 Hardware stack levels required when called:    4
 This function calls:
		Nothing
 This function is called by:
		_getUUID
 This function uses a non-reentrant model


 *************** function _read_line *****************
 Defined at:
		line 250 in file "mcc_generated_files/eusart1.c"
 Parameters:    Size  Location     Type
		None
 Auto vars:     Size  Location     Type
		None
 Return value:  Size  Location     Type
                  2  147[None  ] int 
 Registers used:
		wreg, status,2, status,0
 Tracked objects:
		On entry : 
		On exit  : 
		Unchanged: 
 Data sizes:     COMRAM   BANK0   BANK1   BANK2   BANK3   BANK4   BANK5   BANK6   BANK7   BANK8   BANK9  BANK10  BANK11  BANK12  BANK13  BANK14  BANK15
      Params:         0       0       0       0       0       0       0       0       0       0       0       0       0       0       0       0       0
      Locals:         0       0       0       0       0       0       0       0       0       0       0       0       0       0       0       0       0
      Temps:          0       0       0       0       0       0       0       0       0       0       0       0       0       0       0       0       0
      Totals:         0       0       0       0       0       0       0       0       0       0       0       0       0       0       0       0       0
Total ram usage:        0 bytes
 Hardware stack levels used:    1
 Hardware stack levels required when called:    4
 This function calls:
		Nothing
 This function is called by:
		_getUUID
		_main
 This function uses a non-reentrant model


 *************** function _printf *****************
 Defined at:
[...]
 Defined at:
		line 67 in file "mcc_generated_files/interrupt_manager.c"
 Parameters:    Size  Location     Type
		None
 Auto vars:     Size  Location     Type
		None
 Return value:  Size  Location     Type
                  1    wreg      void 
 Registers used:
		wreg, fsr1l, fsr1h, fsr2l, fsr2h, status,2, status,0, tblptrl, tblptrh, tblptru, prodl, prodh, cstack
 Tracked objects:
		On entry : 
		On exit  : 
		Unchanged: 
 Data sizes:     COMRAM   BANK0   BANK1   BANK2   BANK3   BANK4   BANK5   BANK6   BANK7   BANK8   BANK9  BANK10  BANK11  BANK12  BANK13  BANK14  BANK15
      Params:         0       0       0       0       0       0       0       0       0       0       0       0       0       0       0       0       0
      Locals:         0       0       0       0       0       0       0       0       0       0       0       0       0       0       0       0       0
      Temps:         14       0       0       0       0       0       0       0       0       0       0       0       0       0       0       0       0
      Totals:        14       0       0       0       0       0       0       0       0       0       0       0       0       0       0       0       0
Total ram usage:       14 bytes
 Hardware stack levels used:    1
 Hardware stack levels required when called:    3
 This function calls:
		_EUSART1_Receive_ISR
		_EUSART1_Transmit_ISR
 This function is called by:
		Interrupt level 2
 This function uses a non-reentrant model


 *************** function _EUSART1_Transmit_ISR *****************
 Defined at:
		line 175 in file "mcc_generated_files/eusart1.c"
 Parameters:    Size  Location     Type
		None
 Auto vars:     Size  Location     Type
		None
 Return value:  Size  Location     Type
                  1    wreg      void 
 Registers used:
		wreg, fsr2l, fsr2h, status,2, status,0, prodl, prodh
 Tracked objects:
		On entry : 
		On exit  : 
		Unchanged: 
 Data sizes:     COMRAM   BANK0   BANK1   BANK2   BANK3   BANK4   BANK5   BANK6   BANK7   BANK8   BANK9  BANK10  BANK11  BANK12  BANK13  BANK14  BANK15
      Params:         0       0       0       0       0       0       0       0       0       0       0       0       0       0       0       0       0
      Locals:         0       0       0       0       0       0       0       0       0       0       0       0       0       0       0       0       0
      Temps:          0       0       0       0       0       0       0       0       0       0       0       0       0       0       0       0       0
      Totals:         0       0       0       0       0       0       0       0       0       0       0       0       0       0       0       0       0
Total ram usage:        0 bytes
 Hardware stack levels used:    1
 This function calls:
		Nothing
 This function is called by:
		_INTERRUPT_InterruptManager
 This function uses a non-reentrant model


 *************** function _EUSART1_Receive_ISR *****************
 Defined at:
		line 194 in file "mcc_generated_files/eusart1.c"
 Parameters:    Size  Location     Type
		None
 Auto vars:     Size  Location     Type
  state           2   20[COMRAM] int 
 Return value:  Size  Location     Type
                  1    wreg      void 
 Registers used:
		wreg, fsr1l, fsr1h, fsr2l, fsr2h, status,2, status,0, tblptrl, tblptrh, tblptru, prodl, prodh, cstack
 Tracked objects:
		On entry : 
		On exit  : 
		Unchanged: 
 Data sizes:     COMRAM   BANK0   BANK1   BANK2   BANK3   BANK4   BANK5   BANK6   BANK7   BANK8   BANK9  BANK10  BANK11  BANK12  BANK13  BANK14  BANK15
      Params:         0       0       0       0       0       0       0       0       0       0       0       0       0       0       0       0       0
      Locals:         2       0       0       0       0       0       0       0       0       0       0       0       0       0       0       0       0
      Temps:          1       0       0       0       0       0       0       0       0       0       0       0       0       0       0       0       0
      Totals:         3       0       0       0       0       0       0       0       0       0       0       0       0       0       0       0       0
Total ram usage:        3 bytes
 Hardware stack levels used:    1
 Hardware stack levels required when called:    2
 This function calls:
		_EUSART1_Read
		_strcmp
		_strstr
 This function is called by:
		_INTERRUPT_InterruptManager
 This function uses a non-reentrant model


 *************** function _strstr *****************
 Defined at:
		line 4 in file "C:\Program Files (x86)\Microchip\xc8\v1.36\sources\common\strstr.c"
 Parameters:    Size  Location     Type
  s1              2   15[COMRAM] PTR const unsigned char 
		 -> NULL(0), line(128), 
  s2              2   17[COMRAM] PTR const unsigned char 
		 -> STR_2(9), 
 Auto vars:     Size  Location     Type
		None
 Return value:  Size  Location     Type
                  2   15[COMRAM] PTR unsigned char 
 Registers used:
		wreg, fsr2l, fsr2h, status,2, status,0, tblptrl, tblptrh, tblptru, cstack
 Tracked objects:
		On entry : 
		On exit  : 
		Unchanged: 
 Data sizes:     COMRAM   BANK0   BANK1   BANK2   BANK3   BANK4   BANK5   BANK6   BANK7   BANK8   BANK9  BANK10  BANK11  BANK12  BANK13  BANK14  BANK15
      Params:         4       0       0       0       0       0       0       0       0       0       0       0       0       0       0       0       0
      Locals:         0       0       0       0       0       0       0       0       0       0       0       0       0       0       0       0       0
      Temps:          0       0       0       0       0       0       0       0       0       0       0       0       0       0       0       0       0
      Totals:         4       0       0       0       0       0       0       0       0       0       0       0       0       0       0       0       0
Total ram usage:        4 bytes
 Hardware stack levels used:    1
 Hardware stack levels required when called:    1
 This function calls:
		_strchr
		_strlen
		_strncmp
 This function is called by:
		_EUSART1_Receive_ISR
 This function uses a non-reentrant model


 *************** function _strncmp *****************
 Defined at:
		line 4 in file "C:\Program Files (x86)\Microchip\xc8\v1.36\sources\common\strncmp.c"
 Parameters:    Size  Location     Type
  s1              2    6[COMRAM] PTR const unsigned char 
		 -> NULL(0), line(128), 
  s2              2    8[COMRAM] PTR const unsigned char 
		 -> STR_2(9), 
  len             2   10[COMRAM] unsigned int 
 Auto vars:     Size  Location     Type
		None
 Return value:  Size  Location     Type
                  2    6[COMRAM] int 
 Registers used:
		wreg, fsr2l, fsr2h, status,2, status,0, tblptrl, tblptrh, tblptru
 Tracked objects:
		On entry : 
		On exit  : 
		Unchanged: 
 Data sizes:     COMRAM   BANK0   BANK1   BANK2   BANK3   BANK4   BANK5   BANK6   BANK7   BANK8   BANK9  BANK10  BANK11  BANK12  BANK13  BANK14  BANK15
      Params:         6       0       0       0       0       0       0       0       0       0       0       0       0       0       0       0       0
      Locals:         0       0       0       0       0       0       0       0       0       0       0       0       0       0       0       0       0
      Temps:          3       0       0       0       0       0       0       0       0       0       0       0       0       0       0       0       0
      Totals:         9       0       0       0       0       0       0       0       0       0       0       0       0       0       0       0       0
Total ram usage:        9 bytes
 Hardware stack levels used:    1
 This function calls:
		Nothing
 This function is called by:
		_strstr
 This function uses a non-reentrant model


 *************** function _strlen *****************
 Defined at:
		line 4 in file "C:\Program Files (x86)\Microchip\xc8\v1.36\sources\common\strlen.c"
 Parameters:    Size  Location     Type
  s               2    0[COMRAM] PTR const unsigned char 
		 -> STR_2(9), 
 Auto vars:     Size  Location     Type
  cp              2    4[COMRAM] PTR const unsigned char 
		 -> STR_2(9), 
 Return value:  Size  Location     Type
                  2    0[COMRAM] unsigned int 
 Registers used:
		wreg, status,2, status,0, tblptrl, tblptrh, tblptru
 Tracked objects:
		On entry : 
		On exit  : 
		Unchanged: 
 Data sizes:     COMRAM   BANK0   BANK1   BANK2   BANK3   BANK4   BANK5   BANK6   BANK7   BANK8   BANK9  BANK10  BANK11  BANK12  BANK13  BANK14  BANK15
      Params:         2       0       0       0       0       0       0       0       0       0       0       0       0       0       0       0       0
      Locals:         2       0       0       0       0       0       0       0       0       0       0       0       0       0       0       0       0
      Temps:          2       0       0       0       0       0       0       0       0       0       0       0       0       0       0       0       0
      Totals:         6       0       0       0       0       0       0       0       0       0       0       0       0       0       0       0       0
Total ram usage:        6 bytes
 Hardware stack levels used:    1
 This function calls:
		Nothing
 This function is called by:
		_strstr
 This function uses a non-reentrant model


 *************** function _strchr *****************
 Defined at:
		line 4 in file "C:\Program Files (x86)\Microchip\xc8\v1.36\sources\common\strchr.c"
 Parameters:    Size  Location     Type
  ptr             2    0[COMRAM] PTR const unsigned char 
		 -> NULL(0), line(128), 
  chr             2    2[COMRAM] int 
 Auto vars:     Size  Location     Type
		None
 Return value:  Size  Location     Type
                  2    0[COMRAM] PTR unsigned char 
 Registers used:
		wreg, fsr2l, fsr2h, status,2, status,0
 Tracked objects:
		On entry : 
		On exit  : 
		Unchanged: 
 Data sizes:     COMRAM   BANK0   BANK1   BANK2   BANK3   BANK4   BANK5   BANK6   BANK7   BANK8   BANK9  BANK10  BANK11  BANK12  BANK13  BANK14  BANK15
      Params:         4       0       0       0       0       0       0       0       0       0       0       0       0       0       0       0       0
      Locals:         0       0       0       0       0       0       0       0       0       0       0       0       0       0       0       0       0
      Temps:          1       0       0       0       0       0       0       0       0       0       0       0       0       0       0       0       0
      Totals:         5       0       0       0       0       0       0       0       0       0       0       0       0       0       0       0       0
Total ram usage:        5 bytes
 Hardware stack levels used:    1
 This function calls:
		Nothing
 This function is called by:
		_strstr
 This function uses a non-reentrant model


 *************** function _strcmp *****************
 Defined at:
		line 33 in file "C:\Program Files (x86)\Microchip\xc8\v1.36\sources\common\strcmp.c"
 Parameters:    Size  Location     Type
  s1              2    0[COMRAM] PTR const unsigned char 
		 -> STR_1(10), line(128), 
  s2              2    2[COMRAM] PTR const unsigned char 
		 -> STR_4(3), STR_3(12), line(128), 
 Auto vars:     Size  Location     Type
  r               1    5[COMRAM] char 
 Return value:  Size  Location     Type
                  2    0[COMRAM] int 
 Registers used:
		wreg, fsr1l, fsr1h, status,2, status,0, tblptrl, tblptrh, tblptru
 Tracked objects:
		On entry : 
		On exit  : 
		Unchanged: 
 Data sizes:     COMRAM   BANK0   BANK1   BANK2   BANK3   BANK4   BANK5   BANK6   BANK7   BANK8   BANK9  BANK10  BANK11  BANK12  BANK13  BANK14  BANK15
      Params:         4       0       0       0       0       0       0       0       0       0       0       0       0       0       0       0       0
      Locals:         1       0       0       0       0       0       0       0       0       0       0       0       0       0       0       0       0
      Temps:          1       0       0       0       0       0       0       0       0       0       0       0       0       0       0       0       0
      Totals:         6       0       0       0       0       0       0       0       0       0       0       0       0       0       0       0       0
Total ram usage:        6 bytes
 Hardware stack levels used:    1
 This function calls:
		Nothing
 This function is called by:
		_EUSART1_Receive_ISR
 This function uses a non-reentrant model


 *************** function _EUSART1_Read *****************
 Defined at:
		line 121 in file "mcc_generated_files/eusart1.c"
 Parameters:    Size  Location     Type
		None
 Auto vars:     Size  Location     Type
  readValue       1    0[COMRAM] unsigned char 
 Return value:  Size  Location     Type
                  1    wreg      unsigned char 
 Registers used:
		wreg, fsr2l, fsr2h, status,2, status,0, prodl, prodh
 Tracked objects:
		On entry : 
		On exit  : 
		Unchanged: 
 Data sizes:     COMRAM   BANK0   BANK1   BANK2   BANK3   BANK4   BANK5   BANK6   BANK7   BANK8   BANK9  BANK10  BANK11  BANK12  BANK13  BANK14  BANK15
      Params:         0       0       0       0       0       0       0       0       0       0       0       0       0       0       0       0       0
      Locals:         1       0       0       0       0       0       0       0       0       0       0       0       0       0       0       0       0
      Temps:          0       0       0       0       0       0       0       0       0       0       0       0       0       0       0       0       0
      Totals:         1       0       0       0       0       0       0       0       0       0       0       0       0       0       0       0       0
Total ram usage:        1 bytes
 Hardware stack levels used:    1
 This function calls:
		Nothing
 This function is called by:
		_EUSART1_Receive_ISR
		_getch
 This function uses a non-reentrant model



MODULE INFORMATION

Module		Function		Class		Link	Load	Size
C:\Program Files (x86)\Microchip\xc8\v1.36\sources\common\strlen.c
		_strlen        		CODE           	1560	0000	65

C:\Program Files (x86)\Microchip\xc8\v1.36\sources\common\strlen.c estimated size: 65

C:\Program Files (x86)\Microchip\xc8\v1.36\sources\common\strcmp.c
		_strcmp        		CODE           	1180	0000	145

C:\Program Files (x86)\Microchip\xc8\v1.36\sources\common\strcmp.c estimated size: 145

C:\Program Files (x86)\Microchip\xc8\v1.36\sources\common\strchr.c
		_strchr        		CODE           	15DA	0000	55

C:\Program Files (x86)\Microchip\xc8\v1.36\sources\common\strchr.c estimated size: 55

C:\Program Files (x86)\Microchip\xc8\v1.36\sources\common\strcpy.c
		_strcpy        		CODE           	16E0	0000	47

C:\Program Files (x86)\Microchip\xc8\v1.36\sources\common\strcpy.c estimated size: 47

C:\Program Files (x86)\Microchip\xc8\v1.36\sources\common\strtol.c
		_strtol        		CODE           	0CBC	0000	583

C:\Program Files (x86)\Microchip\xc8\v1.36\sources\common\strtol.c estimated size: 583

C:\Program Files (x86)\Microchip\xc8\v1.36\sources\common\isupper.c
		_isupper       		CODE           	1840	0000	31

C:\Program Files (x86)\Microchip\xc8\v1.36\sources\common\isupper.c estimated size: 31

mcc_generated_files/tmr2.c
		_TMR2_Initialize		CODE           	18AA	0000	19
		_TMR2_StartTimer		CODE           	1924	0000	5

mcc_generated_files/tmr2.c estimated size: 24

mcc_generated_files/interrupt_manager.c
		_INTERRUPT_Initialize		CODE           	18FA	0000	11
		_INTERRUPT_InterruptManager		CODE           	0008	0000	141

mcc_generated_files/interrupt_manager.c estimated size: 152

C:\Program Files (x86)\Microchip\xc8\v1.36\sources\common\toupper.c
		_toupper       		CODE           	1896	0000	21

C:\Program Files (x86)\Microchip\xc8\v1.36\sources\common\toupper.c estimated size: 21

C:\Program Files (x86)\Microchip\xc8\v1.36\sources\common\isspace.c
		_isspace       		CODE           	17BC	0000	39

C:\Program Files (x86)\Microchip\xc8\v1.36\sources\common\isspace.c estimated size: 39

C:\Program Files (x86)\Microchip\xc8\v1.36\sources\common\rand.c
		_srand         		CODE           	18BC	0000	15
		_rand          		CODE           	150C	0000	85

C:\Program Files (x86)\Microchip\xc8\v1.36\sources\common\rand.c estimated size: 100

mcc_generated_files/pin_manager.c
		_PIN_MANAGER_Initialize		CODE           	1644	0000	53

mcc_generated_files/pin_manager.c estimated size: 53

C:\Program Files (x86)\Microchip\xc8\v1.36\sources\common\strncmp.c
		_strncmp       		CODE           	1296	0000	135

C:\Program Files (x86)\Microchip\xc8\v1.36\sources\common\strncmp.c estimated size: 135

C:\Program Files (x86)\Microchip\xc8\v1.36\sources\common\doprnt.c
		_printf        		CODE           	0A66	0000	599

C:\Program Files (x86)\Microchip\xc8\v1.36\sources\common\doprnt.c estimated size: 599

C:\Program Files (x86)\Microchip\xc8\v1.36\sources\common\isalpha.c
		_isalpha       		CODE           	1794	0000	41

C:\Program Files (x86)\Microchip\xc8\v1.36\sources\common\isalpha.c estimated size: 41

C:\Program Files (x86)\Microchip\xc8\v1.36\sources\common\strstr.c
		_strstr        		CODE           	1210	0000	135

C:\Program Files (x86)\Microchip\xc8\v1.36\sources\common\strstr.c estimated size: 135

C:\Program Files (x86)\Microchip\xc8\v1.36\sources\common\lwmod.c
		___lwmod       		CODE           	1456	0000	93

C:\Program Files (x86)\Microchip\xc8\v1.36\sources\common\lwmod.c estimated size: 93

shared
		_dpowers       		MEDIUMCONST    	FEA3	0000	11
		__initialization		CODE           	14B2	0000	81
		_hexpowers     		MEDIUMCONST    	FEAD	0000	9

shared estimated size: 101

mcc_generated_files/eusart1.c
		_EUSART1_Initialize		CODE           	1678	0000	53
		_putch         		CODE           	18F0	0000	11
		_EUSART1_Read  		CODE           	16AC	0000	53
		_EUSART1_Write 		CODE           	15A0	0000	59
		_EUSART1_Receive_ISR		CODE           	0F02	0000	323
		_EUSART1_Transmit_ISR		CODE           	173C	0000	47
		_read_line     		CODE           	18D8	0000	13

mcc_generated_files/eusart1.c estimated size: 559

mcc_generated_files/mcc.c
		_OSCILLATOR_Initialize		CODE           	18CA	0000	15
		_SYSTEM_Initialize		CODE           	187C	0000	27

mcc_generated_files/mcc.c estimated size: 42

mcc_generated_files/epwm1.c
		_EPWM1_Initialize		CODE           	1802	0000	33

mcc_generated_files/epwm1.c estimated size: 33

C:\Program Files (x86)\Microchip\xc8\v1.36\sources\common\isdigit.c
		_isdigit       		CODE           	1822	0000	31

C:\Program Files (x86)\Microchip\xc8\v1.36\sources\common\isdigit.c estimated size: 31

C:\Program Files (x86)\Microchip\xc8\v1.36\sources\common\Umul32.c
		___lmul        		CODE           	138C	0000	109

C:\Program Files (x86)\Microchip\xc8\v1.36\sources\common\Umul32.c estimated size: 109

C:\Program Files (x86)\Microchip\xc8\v1.36\sources\common\awmod.c
		___awmod       		CODE           	1044	0000	163

C:\Program Files (x86)\Microchip\xc8\v1.36\sources\common\awmod.c estimated size: 163

main.c
		_getUUID       		CODE           	176A	0000	43
		_process_data_opt		CODE           	077A	0000	749
		_main          		CODE           	0098	0000	1763
		_wait_5ms      		CODE           	1610	0000	53

main.c estimated size: 2608

C:\Program Files (x86)\Microchip\xc8\v1.36\sources\common\lwdiv.c
		___lwdiv       		CODE           	13F8	0000	95

C:\Program Files (x86)\Microchip\xc8\v1.36\sources\common\lwdiv.c estimated size: 95

soft_i2c.c
		_I2C_SCL_OUT_SET		CODE           	1920	0000	5
		_Soft_I2C_WriteByte		CODE           	131C	0000	113
		_I2C_SDA_SET   		CODE           	1914	0000	5
		_I2C_SDA_READ  		CODE           	18E4	0000	13
		_I2C_SDA_CLEAR 		CODE           	190C	0000	5
		_I2C_SDA_IN_SET		CODE           	1908	0000	5
		_I2C_SCL_SET   		CODE           	191C	0000	5
		_I2C_SCL_CLEAR 		CODE           	1910	0000	5
		_Soft_I2C_Init 		CODE           	17E2	0000	33
		_Soft_I2C_Stop 		CODE           	185E	0000	31
		_I2C_SDA_OUT_SET		CODE           	1918	0000	5
		_Soft_I2C_ReadByte		CODE           	10E6	0000	155
		_Soft_I2C_Start		CODE           	170E	0000	47

soft_i2c.c estimated size: 427

